<html>
<body>
<pre>
<h1>µVision Build Log</h1>
<h2>Tool Versions:</h2>
IDE-Version: µVision V5.24.2.0
Copyright (C) 2017 ARM Ltd and ARM Germany GmbH. All rights reserved.
License Information: e e, e, LIC=6XJT4-FCIWI-UML9A-1ITU5-KQD65-Y10TX
 
Tool Versions:
Toolchain:       MDK-ARM Professional  Version: 5.24.1
Toolchain Path:  C:\Keil_v5\ARM\ARMCC\Bin
C Compiler:      Armcc.exe V5.06 update 5 (build 528)
Assembler:       Armasm.exe V5.06 update 5 (build 528)
Linker/Locator:  ArmLink.exe V5.06 update 5 (build 528)
Library Manager: ArmAr.exe V5.06 update 5 (build 528)
Hex Converter:   FromElf.exe V5.06 update 5 (build 528)
CPU DLL:         SARMCM3.DLL V5.24.1
Dialog DLL:      DARMCM1.DLL V1.18.0.0
Target DLL:      STLink\ST-LINKIII-KEIL_SWO.dll V3.0.1.0
Dialog DLL:      TARMCM1.DLL V1.13.0.0
 
<h2>Project:</h2>
C:\Users\mars\Desktop\SD2\lautonomous_aboratory_power_supply\test_G0\MDK-ARM\test_G0.uvprojx
Project File Date:  12/01/2024

<h2>Output:</h2>
*** Using Compiler 'V5.06 update 5 (build 528)', folder: 'C:\Keil_v5\ARM\ARMCC\Bin'
Build target 'test_G0'
compiling main.c...
../Core/Src/main.c(207): warning:  #177-D: variable "del"  was declared but never referenced
  				uint16_t del = 0, volt_set_b =REGS[volt_set];
../Core/Src/main.c(230): warning:  #177-D: variable "del"  was declared but never referenced
  				uint16_t del = 0, cur_set_b = REGS[current_set];
../Core/Src/main.c(253): warning:  #177-D: variable "del"  was declared but never referenced
  				uint16_t del = 0, volt_izm_b =REGS[volt_measured];
../Core/Src/main.c(276): warning:  #177-D: variable "del"  was declared but never referenced
  				uint16_t del = 0, cur_izm_b =REGS[current_measured];
../Core/Src/main.c: 4 warnings, 0 errors
linking...
Program Size: Code=10868 RO-data=18224 RW-data=172 ZI-data=7308  
FromELF: creating hex file...
"test_G0\test_G0.axf" - 0 Error(s), 4 Warning(s).

<h2>Software Packages used:</h2>

Package Vendor: ARM
                http://www.keil.com/pack/ARM.CMSIS.5.9.0.pack
                ARM.CMSIS.5.9.0
                CMSIS (Common Microcontroller Software Interface Standard)
   * Component: CORE Version: 5.6.0

Package Vendor: Keil
                https://www.keil.com/pack/Keil.STM32G0xx_DFP.1.5.0.pack
                Keil.STM32G0xx_DFP.1.5.0
                STMicroelectronics STM32G0 Series Device Support

<h2>Collection of Component include folders:</h2>
  .\RTE\_test_G0
  C:\Keil_v5\ARM\PACK\ARM\CMSIS\5.9.0\CMSIS\Core\Include
  C:\Keil_v5\ARM\PACK\Keil\STM32G0xx_DFP\1.5.0\Drivers\CMSIS\Device\ST\STM32G0xx\Include

<h2>Collection of Component Files used:</h2>

   * Component: ARM::CMSIS:CORE:5.6.0
Build Time Elapsed:  00:00:02
</pre>
</body>
</html>
