Component: ARM Compiler 5.06 update 5 (build 528) Tool: armlink [4d35e2]

==============================================================================

Section Cross References

    startup_stm32g071xx.o(RESET) refers to startup_stm32g071xx.o(STACK) for __initial_sp
    startup_stm32g071xx.o(RESET) refers to startup_stm32g071xx.o(.text) for Reset_Handler
    startup_stm32g071xx.o(RESET) refers to stm32g0xx_it.o(i.NMI_Handler) for NMI_Handler
    startup_stm32g071xx.o(RESET) refers to stm32g0xx_it.o(i.HardFault_Handler) for HardFault_Handler
    startup_stm32g071xx.o(RESET) refers to stm32g0xx_it.o(i.SVC_Handler) for SVC_Handler
    startup_stm32g071xx.o(RESET) refers to stm32g0xx_it.o(i.PendSV_Handler) for PendSV_Handler
    startup_stm32g071xx.o(RESET) refers to stm32g0xx_it.o(i.SysTick_Handler) for SysTick_Handler
    startup_stm32g071xx.o(RESET) refers to stm32g0xx_it.o(i.EXTI4_15_IRQHandler) for EXTI4_15_IRQHandler
    startup_stm32g071xx.o(RESET) refers to stm32g0xx_it.o(i.DMA1_Channel1_IRQHandler) for DMA1_Channel1_IRQHandler
    startup_stm32g071xx.o(RESET) refers to stm32g0xx_it.o(i.DMA1_Channel2_3_IRQHandler) for DMA1_Channel2_3_IRQHandler
    startup_stm32g071xx.o(.text) refers to system_stm32g0xx.o(i.SystemInit) for SystemInit
    startup_stm32g071xx.o(.text) refers to entry.o(.ARM.Collect$$$$00000000) for __main
    spi_ili9341.o(i.TFT9341_DrawChar) refers to spi_ili9341.o(i.TFT9341_DrawPixel) for TFT9341_DrawPixel
    spi_ili9341.o(i.TFT9341_DrawChar) refers to spi_ili9341.o(.data) for lcdprop
    spi_ili9341.o(i.TFT9341_DrawPixel) refers to spi_ili9341.o(i.TFT9341_SetAddrWindow) for TFT9341_SetAddrWindow
    spi_ili9341.o(i.TFT9341_DrawPixel) refers to spi_ili9341.o(i.TFT9341_SendCommand) for TFT9341_SendCommand
    spi_ili9341.o(i.TFT9341_DrawPixel) refers to spi_ili9341.o(i.TFT9341_SendData) for TFT9341_SendData
    spi_ili9341.o(i.TFT9341_DrawPixel) refers to spi_ili9341.o(.data) for TFT9341_WIDTH
    spi_ili9341.o(i.TFT9341_FillRect) refers to spi_ili9341.o(i.TFT9341_SetAddrWindow) for TFT9341_SetAddrWindow
    spi_ili9341.o(i.TFT9341_FillRect) refers to spi_ili9341.o(i.LL_GPIO_SetOutputPin) for LL_GPIO_SetOutputPin
    spi_ili9341.o(i.TFT9341_FillRect) refers to spi_ili9341.o(i.LL_SPI_TransmitData8) for LL_SPI_TransmitData8
    spi_ili9341.o(i.TFT9341_FillRect) refers to spi_ili9341.o(.data) for TFT9341_WIDTH
    spi_ili9341.o(i.TFT9341_FillRect_T) refers to spi_ili9341.o(i.TFT9341_SetAddrWindow) for TFT9341_SetAddrWindow
    spi_ili9341.o(i.TFT9341_FillRect_T) refers to spi_ili9341.o(i.LL_GPIO_SetOutputPin) for LL_GPIO_SetOutputPin
    spi_ili9341.o(i.TFT9341_FillRect_T) refers to uidiv.o(.text) for __aeabi_uidivmod
    spi_ili9341.o(i.TFT9341_FillRect_T) refers to spi_ili9341.o(.constdata) for CHANNEL_OFFSET_TAB
    spi_ili9341.o(i.TFT9341_FillScreen) refers to spi_ili9341.o(i.TFT9341_FillRect) for TFT9341_FillRect
    spi_ili9341.o(i.TFT9341_FillScreen) refers to spi_ili9341.o(.data) for TFT9341_HEIGHT
    spi_ili9341.o(i.TFT9341_FontsIni) refers to spi_ili9341.o(.data) for Font8
    spi_ili9341.o(i.TFT9341_LED_ON) refers to spi_ili9341.o(i.LL_GPIO_SetOutputPin) for LL_GPIO_SetOutputPin
    spi_ili9341.o(i.TFT9341_SendCommand) refers to spi_ili9341.o(i.LL_GPIO_ResetOutputPin) for LL_GPIO_ResetOutputPin
    spi_ili9341.o(i.TFT9341_SendCommand) refers to spi_ili9341.o(i.LL_SPI_TransmitData8) for LL_SPI_TransmitData8
    spi_ili9341.o(i.TFT9341_SendData) refers to spi_ili9341.o(i.LL_GPIO_SetOutputPin) for LL_GPIO_SetOutputPin
    spi_ili9341.o(i.TFT9341_SendData) refers to spi_ili9341.o(i.LL_SPI_TransmitData8) for LL_SPI_TransmitData8
    spi_ili9341.o(i.TFT9341_SetAddrWindow) refers to spi_ili9341.o(i.TFT9341_SendCommand) for TFT9341_SendCommand
    spi_ili9341.o(i.TFT9341_SetAddrWindow) refers to spi_ili9341.o(i.TFT9341_WriteData) for TFT9341_WriteData
    spi_ili9341.o(i.TFT9341_SetBackColor) refers to spi_ili9341.o(.data) for lcdprop
    spi_ili9341.o(i.TFT9341_SetFont) refers to spi_ili9341.o(.data) for lcdprop
    spi_ili9341.o(i.TFT9341_SetRotation) refers to spi_ili9341.o(i.TFT9341_SendCommand) for TFT9341_SendCommand
    spi_ili9341.o(i.TFT9341_SetRotation) refers to spi_ili9341.o(i.TFT9341_SendData) for TFT9341_SendData
    spi_ili9341.o(i.TFT9341_SetRotation) refers to spi_ili9341.o(.data) for TFT9341_WIDTH
    spi_ili9341.o(i.TFT9341_SetTextColor) refers to spi_ili9341.o(.data) for lcdprop
    spi_ili9341.o(i.TFT9341_String) refers to spi_ili9341.o(i.TFT9341_DrawChar) for TFT9341_DrawChar
    spi_ili9341.o(i.TFT9341_String) refers to spi_ili9341.o(.data) for lcdprop
    spi_ili9341.o(i.TFT9341_WriteData) refers to spi_ili9341.o(i.LL_GPIO_SetOutputPin) for LL_GPIO_SetOutputPin
    spi_ili9341.o(i.TFT9341_WriteData) refers to spi_ili9341.o(i.LL_SPI_TransmitData8) for LL_SPI_TransmitData8
    spi_ili9341.o(i.TFT9341_ini) refers to spi_ili9341.o(i.LL_GPIO_ResetOutputPin) for LL_GPIO_ResetOutputPin
[...]
    spi.o(i.MX_SPI2_Init) refers to spi.o(i.LL_DMA_SetMemorySize) for LL_DMA_SetMemorySize
    spi.o(i.MX_SPI2_Init) refers to stm32g0xx_ll_spi.o(i.LL_SPI_Init) for LL_SPI_Init
    spi.o(i.MX_SPI2_Init) refers to spi.o(i.LL_SPI_SetStandard) for LL_SPI_SetStandard
    spi.o(i.MX_SPI2_Init) refers to spi.o(i.LL_SPI_EnableNSSPulseMgt) for LL_SPI_EnableNSSPulseMgt
    tim.o(i.LL_TIM_IC_SetActiveInput) refers to tim.o(.constdata) for OFFSET_TAB_CCMRx
    tim.o(i.LL_TIM_IC_SetFilter) refers to tim.o(.constdata) for OFFSET_TAB_CCMRx
    tim.o(i.LL_TIM_IC_SetPolarity) refers to tim.o(.constdata) for SHIFT_TAB_CCxP
    tim.o(i.LL_TIM_IC_SetPrescaler) refers to tim.o(.constdata) for OFFSET_TAB_CCMRx
    tim.o(i.LL_TIM_OC_DisableFast) refers to tim.o(.constdata) for OFFSET_TAB_CCMRx
    tim.o(i.MX_TIM14_Init) refers to memseta.o(.text) for __aeabi_memclr4
    tim.o(i.MX_TIM14_Init) refers to stm32g0xx_ll_tim.o(i.LL_TIM_Init) for LL_TIM_Init
    tim.o(i.MX_TIM14_Init) refers to stm32g0xx_ll_tim.o(i.LL_TIM_OC_Init) for LL_TIM_OC_Init
    tim.o(i.MX_TIM14_Init) refers to tim.o(i.LL_TIM_OC_DisableFast) for LL_TIM_OC_DisableFast
    tim.o(i.MX_TIM2_Init) refers to memseta.o(.text) for __aeabi_memclr4
    tim.o(i.MX_TIM2_Init) refers to tim.o(i.LL_IOP_GRP1_EnableClock) for LL_IOP_GRP1_EnableClock
    tim.o(i.MX_TIM2_Init) refers to stm32g0xx_ll_gpio.o(i.LL_GPIO_Init) for LL_GPIO_Init
    tim.o(i.MX_TIM2_Init) refers to stm32g0xx_ll_tim.o(i.LL_TIM_Init) for LL_TIM_Init
    tim.o(i.MX_TIM2_Init) refers to tim.o(i.LL_TIM_IC_SetActiveInput) for LL_TIM_IC_SetActiveInput
    tim.o(i.MX_TIM2_Init) refers to tim.o(i.LL_TIM_IC_SetPrescaler) for LL_TIM_IC_SetPrescaler
    tim.o(i.MX_TIM2_Init) refers to tim.o(i.LL_TIM_IC_SetFilter) for LL_TIM_IC_SetFilter
    tim.o(i.MX_TIM2_Init) refers to tim.o(i.LL_TIM_IC_SetPolarity) for LL_TIM_IC_SetPolarity
    ucpd.o(i.MX_UCPD1_Init) refers to memseta.o(.text) for __aeabi_memclr4
    ucpd.o(i.MX_UCPD1_Init) refers to ucpd.o(i.LL_APB1_GRP1_EnableClock) for LL_APB1_GRP1_EnableClock
    ucpd.o(i.MX_UCPD1_Init) refers to ucpd.o(i.LL_IOP_GRP1_EnableClock) for LL_IOP_GRP1_EnableClock
    ucpd.o(i.MX_UCPD1_Init) refers to stm32g0xx_ll_gpio.o(i.LL_GPIO_Init) for LL_GPIO_Init
    ucpd.o(i.MX_UCPD2_Init) refers to memseta.o(.text) for __aeabi_memclr4
    ucpd.o(i.MX_UCPD2_Init) refers to ucpd.o(i.LL_APB1_GRP1_EnableClock) for LL_APB1_GRP1_EnableClock
    ucpd.o(i.MX_UCPD2_Init) refers to ucpd.o(i.LL_IOP_GRP1_EnableClock) for LL_IOP_GRP1_EnableClock
    ucpd.o(i.MX_UCPD2_Init) refers to stm32g0xx_ll_gpio.o(i.LL_GPIO_Init) for LL_GPIO_Init
    stm32g0xx_it.o(i.DMA1_Channel1_IRQHandler) refers to stm32g0xx_it.o(.constdata) for CHANNEL_OFFSET_TAB
    stm32g0xx_it.o(i.DMA1_Channel1_IRQHandler) refers to stm32g0xx_it.o(.data) for dma_end
    stm32g0xx_it.o(i.EXTI4_15_IRQHandler) refers to stm32g0xx_it.o(i.LL_EXTI_IsActiveFallingFlag_0_31) for LL_EXTI_IsActiveFallingFlag_0_31
    stm32g0xx_it.o(i.EXTI4_15_IRQHandler) refers to stm32g0xx_it.o(i.LL_EXTI_ClearFallingFlag_0_31) for LL_EXTI_ClearFallingFlag_0_31
    stm32g0xx_ll_gpio.o(i.LL_GPIO_DeInit) refers to stm32g0xx_ll_gpio.o(i.LL_IOP_GRP1_ForceReset) for LL_IOP_GRP1_ForceReset
    stm32g0xx_ll_gpio.o(i.LL_GPIO_DeInit) refers to stm32g0xx_ll_gpio.o(i.LL_IOP_GRP1_ReleaseReset) for LL_IOP_GRP1_ReleaseReset
    stm32g0xx_ll_exti.o(i.LL_EXTI_Init) refers to stm32g0xx_ll_exti.o(i.LL_EXTI_DisableEvent_0_31) for LL_EXTI_DisableEvent_0_31
    stm32g0xx_ll_exti.o(i.LL_EXTI_Init) refers to stm32g0xx_ll_exti.o(i.LL_EXTI_EnableIT_0_31) for LL_EXTI_EnableIT_0_31
    stm32g0xx_ll_exti.o(i.LL_EXTI_Init) refers to stm32g0xx_ll_exti.o(i.LL_EXTI_DisableIT_0_31) for LL_EXTI_DisableIT_0_31
    stm32g0xx_ll_exti.o(i.LL_EXTI_Init) refers to stm32g0xx_ll_exti.o(i.LL_EXTI_EnableEvent_0_31) for LL_EXTI_EnableEvent_0_31
    stm32g0xx_ll_exti.o(i.LL_EXTI_Init) refers to stm32g0xx_ll_exti.o(i.LL_EXTI_EnableRisingTrig_0_31) for LL_EXTI_EnableRisingTrig_0_31
    stm32g0xx_ll_exti.o(i.LL_EXTI_Init) refers to stm32g0xx_ll_exti.o(i.LL_EXTI_EnableFallingTrig_0_31) for LL_EXTI_EnableFallingTrig_0_31
    stm32g0xx_ll_exti.o(i.LL_EXTI_Init) refers to stm32g0xx_ll_exti.o(i.LL_EXTI_DisableEvent_32_63) for LL_EXTI_DisableEvent_32_63
    stm32g0xx_ll_exti.o(i.LL_EXTI_Init) refers to stm32g0xx_ll_exti.o(i.LL_EXTI_EnableIT_32_63) for LL_EXTI_EnableIT_32_63
    stm32g0xx_ll_exti.o(i.LL_EXTI_Init) refers to stm32g0xx_ll_exti.o(i.LL_EXTI_DisableIT_32_63) for LL_EXTI_DisableIT_32_63
    stm32g0xx_ll_exti.o(i.LL_EXTI_Init) refers to stm32g0xx_ll_exti.o(i.LL_EXTI_EnableEvent_32_63) for LL_EXTI_EnableEvent_32_63
    stm32g0xx_ll_dma.o(i.LL_DMA_DeInit) refers to stm32g0xx_ll_dma.o(i.LL_DMA_SetPeriphRequest) for LL_DMA_SetPeriphRequest
    stm32g0xx_ll_dma.o(i.LL_DMA_Init) refers to stm32g0xx_ll_dma.o(i.LL_DMA_SetPeriphRequest) for LL_DMA_SetPeriphRequest
    stm32g0xx_ll_dma.o(i.LL_DMA_Init) refers to stm32g0xx_ll_dma.o(.constdata) for CHANNEL_OFFSET_TAB
    stm32g0xx_ll_spi.o(i.LL_I2S_DeInit) refers to stm32g0xx_ll_spi.o(i.LL_SPI_DeInit) for LL_SPI_DeInit
    stm32g0xx_ll_spi.o(i.LL_I2S_Init) refers to stm32g0xx_ll_rcc.o(i.LL_RCC_GetSystemClocksFreq) for LL_RCC_GetSystemClocksFreq
    stm32g0xx_ll_spi.o(i.LL_I2S_Init) refers to uidiv.o(.text) for __aeabi_uidivmod
    stm32g0xx_ll_rcc.o(i.LL_RCC_DeInit) refers to stm32g0xx_ll_rcc.o(i.LL_RCC_HSI_IsReady) for LL_RCC_HSI_IsReady
    stm32g0xx_ll_rcc.o(i.LL_RCC_DeInit) refers to stm32g0xx_ll_rcc.o(i.LL_RCC_PLL_IsReady) for LL_RCC_PLL_IsReady
    stm32g0xx_ll_rcc.o(i.LL_RCC_GetADCClockFreq) refers to stm32g0xx_ll_rcc.o(i.RCC_GetSystemClockFreq) for RCC_GetSystemClockFreq
    stm32g0xx_ll_rcc.o(i.LL_RCC_GetADCClockFreq) refers to stm32g0xx_ll_rcc.o(i.LL_RCC_PLL_IsReady) for LL_RCC_PLL_IsReady
    stm32g0xx_ll_rcc.o(i.LL_RCC_GetADCClockFreq) refers to stm32g0xx_ll_rcc.o(i.RCC_PLL_GetFreqDomain_ADC) for RCC_PLL_GetFreqDomain_ADC
    stm32g0xx_ll_rcc.o(i.LL_RCC_GetCECClockFreq) refers to stm32g0xx_ll_rcc.o(i.LL_RCC_LSE_IsReady) for LL_RCC_LSE_IsReady
    stm32g0xx_ll_rcc.o(i.LL_RCC_GetCECClockFreq) refers to stm32g0xx_ll_rcc.o(i.LL_RCC_HSI_IsReady) for LL_RCC_HSI_IsReady
    stm32g0xx_ll_rcc.o(i.LL_RCC_GetI2CClockFreq) refers to stm32g0xx_ll_rcc.o(i.RCC_GetSystemClockFreq) for RCC_GetSystemClockFreq
    stm32g0xx_ll_rcc.o(i.LL_RCC_GetI2CClockFreq) refers to stm32g0xx_ll_rcc.o(i.LL_RCC_HSI_IsReady) for LL_RCC_HSI_IsReady
    stm32g0xx_ll_rcc.o(i.LL_RCC_GetI2CClockFreq) refers to stm32g0xx_ll_rcc.o(i.RCC_GetHCLKClockFreq) for RCC_GetHCLKClockFreq
    stm32g0xx_ll_rcc.o(i.LL_RCC_GetI2CClockFreq) refers to stm32g0xx_ll_rcc.o(i.RCC_GetPCLK1ClockFreq) for RCC_GetPCLK1ClockFreq
    stm32g0xx_ll_rcc.o(i.LL_RCC_GetI2SClockFreq) refers to stm32g0xx_ll_rcc.o(i.LL_RCC_PLL_IsReady) for LL_RCC_PLL_IsReady
    stm32g0xx_ll_rcc.o(i.LL_RCC_GetI2SClockFreq) refers to stm32g0xx_ll_rcc.o(i.RCC_PLL_GetFreqDomain_I2S1) for RCC_PLL_GetFreqDomain_I2S1
    stm32g0xx_ll_rcc.o(i.LL_RCC_GetI2SClockFreq) refers to stm32g0xx_ll_rcc.o(i.RCC_GetSystemClockFreq) for RCC_GetSystemClockFreq
    stm32g0xx_ll_rcc.o(i.LL_RCC_GetLPTIMClockFreq) refers to stm32g0xx_ll_rcc.o(i.LL_RCC_GetLPTIMClockSource) for LL_RCC_GetLPTIMClockSource
    stm32g0xx_ll_rcc.o(i.LL_RCC_GetLPTIMClockFreq) refers to stm32g0xx_ll_rcc.o(i.LL_RCC_LSI_IsReady) for LL_RCC_LSI_IsReady
    stm32g0xx_ll_rcc.o(i.LL_RCC_GetLPTIMClockFreq) refers to stm32g0xx_ll_rcc.o(i.LL_RCC_HSI_IsReady) for LL_RCC_HSI_IsReady
    stm32g0xx_ll_rcc.o(i.LL_RCC_GetLPTIMClockFreq) refers to stm32g0xx_ll_rcc.o(i.LL_RCC_LSE_IsReady) for LL_RCC_LSE_IsReady
    stm32g0xx_ll_rcc.o(i.LL_RCC_GetLPTIMClockFreq) refers to stm32g0xx_ll_rcc.o(i.RCC_GetSystemClockFreq) for RCC_GetSystemClockFreq
    stm32g0xx_ll_rcc.o(i.LL_RCC_GetLPTIMClockFreq) refers to stm32g0xx_ll_rcc.o(i.RCC_GetHCLKClockFreq) for RCC_GetHCLKClockFreq
    stm32g0xx_ll_rcc.o(i.LL_RCC_GetLPTIMClockFreq) refers to stm32g0xx_ll_rcc.o(i.RCC_GetPCLK1ClockFreq) for RCC_GetPCLK1ClockFreq
    stm32g0xx_ll_rcc.o(i.LL_RCC_GetLPUARTClockFreq) refers to stm32g0xx_ll_rcc.o(i.RCC_GetSystemClockFreq) for RCC_GetSystemClockFreq
    stm32g0xx_ll_rcc.o(i.LL_RCC_GetLPUARTClockFreq) refers to stm32g0xx_ll_rcc.o(i.LL_RCC_HSI_IsReady) for LL_RCC_HSI_IsReady
    stm32g0xx_ll_rcc.o(i.LL_RCC_GetLPUARTClockFreq) refers to stm32g0xx_ll_rcc.o(i.LL_RCC_LSE_IsReady) for LL_RCC_LSE_IsReady
    stm32g0xx_ll_rcc.o(i.LL_RCC_GetLPUARTClockFreq) refers to stm32g0xx_ll_rcc.o(i.RCC_GetHCLKClockFreq) for RCC_GetHCLKClockFreq
    stm32g0xx_ll_rcc.o(i.LL_RCC_GetLPUARTClockFreq) refers to stm32g0xx_ll_rcc.o(i.RCC_GetPCLK1ClockFreq) for RCC_GetPCLK1ClockFreq
    stm32g0xx_ll_rcc.o(i.LL_RCC_GetRTCClockFreq) refers to stm32g0xx_ll_rcc.o(i.LL_RCC_LSE_IsReady) for LL_RCC_LSE_IsReady
    stm32g0xx_ll_rcc.o(i.LL_RCC_GetRTCClockFreq) refers to stm32g0xx_ll_rcc.o(i.LL_RCC_LSI_IsReady) for LL_RCC_LSI_IsReady
    stm32g0xx_ll_rcc.o(i.LL_RCC_GetSystemClocksFreq) refers to stm32g0xx_ll_rcc.o(i.RCC_GetSystemClockFreq) for RCC_GetSystemClockFreq
    stm32g0xx_ll_rcc.o(i.LL_RCC_GetSystemClocksFreq) refers to stm32g0xx_ll_rcc.o(i.RCC_GetHCLKClockFreq) for RCC_GetHCLKClockFreq
    stm32g0xx_ll_rcc.o(i.LL_RCC_GetSystemClocksFreq) refers to stm32g0xx_ll_rcc.o(i.RCC_GetPCLK1ClockFreq) for RCC_GetPCLK1ClockFreq
    stm32g0xx_ll_rcc.o(i.LL_RCC_GetTIMClockFreq) refers to stm32g0xx_ll_rcc.o(i.LL_RCC_GetTIMClockSource) for LL_RCC_GetTIMClockSource
    stm32g0xx_ll_rcc.o(i.LL_RCC_GetTIMClockFreq) refers to stm32g0xx_ll_rcc.o(i.LL_RCC_PLL_IsReady) for LL_RCC_PLL_IsReady
    stm32g0xx_ll_rcc.o(i.LL_RCC_GetTIMClockFreq) refers to stm32g0xx_ll_rcc.o(i.RCC_PLL_GetFreqDomain_TIM1) for RCC_PLL_GetFreqDomain_TIM1
    stm32g0xx_ll_rcc.o(i.LL_RCC_GetTIMClockFreq) refers to stm32g0xx_ll_rcc.o(i.RCC_GetSystemClockFreq) for RCC_GetSystemClockFreq
    stm32g0xx_ll_rcc.o(i.LL_RCC_GetTIMClockFreq) refers to stm32g0xx_ll_rcc.o(i.RCC_GetHCLKClockFreq) for RCC_GetHCLKClockFreq
    stm32g0xx_ll_rcc.o(i.LL_RCC_GetTIMClockFreq) refers to stm32g0xx_ll_rcc.o(i.RCC_GetPCLK1ClockFreq) for RCC_GetPCLK1ClockFreq
    stm32g0xx_ll_rcc.o(i.LL_RCC_GetTIMClockFreq) refers to stm32g0xx_ll_rcc.o(i.RCC_PLL_GetFreqDomain_TIM15) for RCC_PLL_GetFreqDomain_TIM15
    stm32g0xx_ll_rcc.o(i.LL_RCC_GetUSARTClockFreq) refers to stm32g0xx_ll_rcc.o(i.LL_RCC_GetUSARTClockSource) for LL_RCC_GetUSARTClockSource
    stm32g0xx_ll_rcc.o(i.LL_RCC_GetUSARTClockFreq) refers to stm32g0xx_ll_rcc.o(i.RCC_GetSystemClockFreq) for RCC_GetSystemClockFreq
    stm32g0xx_ll_rcc.o(i.LL_RCC_GetUSARTClockFreq) refers to stm32g0xx_ll_rcc.o(i.LL_RCC_HSI_IsReady) for LL_RCC_HSI_IsReady
    stm32g0xx_ll_rcc.o(i.LL_RCC_GetUSARTClockFreq) refers to stm32g0xx_ll_rcc.o(i.LL_RCC_LSE_IsReady) for LL_RCC_LSE_IsReady
    stm32g0xx_ll_rcc.o(i.LL_RCC_GetUSARTClockFreq) refers to stm32g0xx_ll_rcc.o(i.RCC_GetHCLKClockFreq) for RCC_GetHCLKClockFreq
    stm32g0xx_ll_rcc.o(i.LL_RCC_GetUSARTClockFreq) refers to stm32g0xx_ll_rcc.o(i.RCC_GetPCLK1ClockFreq) for RCC_GetPCLK1ClockFreq
    stm32g0xx_ll_rcc.o(i.RCC_GetHCLKClockFreq) refers to system_stm32g0xx.o(.constdata) for AHBPrescTable
    stm32g0xx_ll_rcc.o(i.RCC_GetPCLK1ClockFreq) refers to system_stm32g0xx.o(.constdata) for APBPrescTable
    stm32g0xx_ll_rcc.o(i.RCC_GetSystemClockFreq) refers to stm32g0xx_ll_rcc.o(i.RCC_PLL_GetFreqDomain_SYS) for RCC_PLL_GetFreqDomain_SYS
    stm32g0xx_ll_rcc.o(i.RCC_GetSystemClockFreq) refers to uidiv.o(.text) for __aeabi_uidivmod
    stm32g0xx_ll_rcc.o(i.RCC_PLL_GetFreqDomain_ADC) refers to stm32g0xx_ll_rcc.o(i.LL_RCC_PLL_GetMainSource) for LL_RCC_PLL_GetMainSource
    stm32g0xx_ll_rcc.o(i.RCC_PLL_GetFreqDomain_ADC) refers to stm32g0xx_ll_rcc.o(i.LL_RCC_PLL_GetP) for LL_RCC_PLL_GetP
    stm32g0xx_ll_rcc.o(i.RCC_PLL_GetFreqDomain_ADC) refers to stm32g0xx_ll_rcc.o(i.LL_RCC_PLL_GetDivider) for LL_RCC_PLL_GetDivider
    stm32g0xx_ll_rcc.o(i.RCC_PLL_GetFreqDomain_ADC) refers to stm32g0xx_ll_rcc.o(i.LL_RCC_PLL_GetN) for LL_RCC_PLL_GetN
    stm32g0xx_ll_rcc.o(i.RCC_PLL_GetFreqDomain_ADC) refers to uidiv.o(.text) for __aeabi_uidivmod
    stm32g0xx_ll_rcc.o(i.RCC_PLL_GetFreqDomain_I2S1) refers to stm32g0xx_ll_rcc.o(i.LL_RCC_PLL_GetMainSource) for LL_RCC_PLL_GetMainSource
    stm32g0xx_ll_rcc.o(i.RCC_PLL_GetFreqDomain_I2S1) refers to stm32g0xx_ll_rcc.o(i.LL_RCC_PLL_GetP) for LL_RCC_PLL_GetP
    stm32g0xx_ll_rcc.o(i.RCC_PLL_GetFreqDomain_I2S1) refers to stm32g0xx_ll_rcc.o(i.LL_RCC_PLL_GetDivider) for LL_RCC_PLL_GetDivider
    stm32g0xx_ll_rcc.o(i.RCC_PLL_GetFreqDomain_I2S1) refers to stm32g0xx_ll_rcc.o(i.LL_RCC_PLL_GetN) for LL_RCC_PLL_GetN
    stm32g0xx_ll_rcc.o(i.RCC_PLL_GetFreqDomain_I2S1) refers to uidiv.o(.text) for __aeabi_uidivmod
    stm32g0xx_ll_rcc.o(i.RCC_PLL_GetFreqDomain_SYS) refers to stm32g0xx_ll_rcc.o(i.LL_RCC_PLL_GetMainSource) for LL_RCC_PLL_GetMainSource
    stm32g0xx_ll_rcc.o(i.RCC_PLL_GetFreqDomain_SYS) refers to stm32g0xx_ll_rcc.o(i.LL_RCC_PLL_GetDivider) for LL_RCC_PLL_GetDivider
    stm32g0xx_ll_rcc.o(i.RCC_PLL_GetFreqDomain_SYS) refers to stm32g0xx_ll_rcc.o(i.LL_RCC_PLL_GetN) for LL_RCC_PLL_GetN
    stm32g0xx_ll_rcc.o(i.RCC_PLL_GetFreqDomain_SYS) refers to uidiv.o(.text) for __aeabi_uidivmod
    stm32g0xx_ll_rcc.o(i.RCC_PLL_GetFreqDomain_TIM1) refers to stm32g0xx_ll_rcc.o(i.LL_RCC_PLL_GetMainSource) for LL_RCC_PLL_GetMainSource
    stm32g0xx_ll_rcc.o(i.RCC_PLL_GetFreqDomain_TIM1) refers to stm32g0xx_ll_rcc.o(i.LL_RCC_PLL_GetQ) for LL_RCC_PLL_GetQ
    stm32g0xx_ll_rcc.o(i.RCC_PLL_GetFreqDomain_TIM1) refers to stm32g0xx_ll_rcc.o(i.LL_RCC_PLL_GetDivider) for LL_RCC_PLL_GetDivider
    stm32g0xx_ll_rcc.o(i.RCC_PLL_GetFreqDomain_TIM1) refers to stm32g0xx_ll_rcc.o(i.LL_RCC_PLL_GetN) for LL_RCC_PLL_GetN
    stm32g0xx_ll_rcc.o(i.RCC_PLL_GetFreqDomain_TIM1) refers to uidiv.o(.text) for __aeabi_uidivmod
    stm32g0xx_ll_rcc.o(i.RCC_PLL_GetFreqDomain_TIM15) refers to stm32g0xx_ll_rcc.o(i.LL_RCC_PLL_GetMainSource) for LL_RCC_PLL_GetMainSource
    stm32g0xx_ll_rcc.o(i.RCC_PLL_GetFreqDomain_TIM15) refers to stm32g0xx_ll_rcc.o(i.LL_RCC_PLL_GetQ) for LL_RCC_PLL_GetQ
    stm32g0xx_ll_rcc.o(i.RCC_PLL_GetFreqDomain_TIM15) refers to stm32g0xx_ll_rcc.o(i.LL_RCC_PLL_GetDivider) for LL_RCC_PLL_GetDivider
    stm32g0xx_ll_rcc.o(i.RCC_PLL_GetFreqDomain_TIM15) refers to stm32g0xx_ll_rcc.o(i.LL_RCC_PLL_GetN) for LL_RCC_PLL_GetN
    stm32g0xx_ll_rcc.o(i.RCC_PLL_GetFreqDomain_TIM15) refers to uidiv.o(.text) for __aeabi_uidivmod
    stm32g0xx_ll_utils.o(i.LL_Init1msTick) refers to uidiv.o(.text) for __aeabi_uidivmod
    stm32g0xx_ll_utils.o(i.LL_PLL_ConfigSystemClock_HSE) refers to stm32g0xx_ll_utils.o(i.UTILS_PLL_IsBusy) for UTILS_PLL_IsBusy
    stm32g0xx_ll_utils.o(i.LL_PLL_ConfigSystemClock_HSE) refers to stm32g0xx_ll_utils.o(i.UTILS_GetPLLOutputFrequency) for UTILS_GetPLLOutputFrequency
    stm32g0xx_ll_utils.o(i.LL_PLL_ConfigSystemClock_HSE) refers to stm32g0xx_ll_utils.o(i.LL_RCC_HSE_IsReady) for LL_RCC_HSE_IsReady
    stm32g0xx_ll_utils.o(i.LL_PLL_ConfigSystemClock_HSE) refers to stm32g0xx_ll_utils.o(i.LL_RCC_PLL_ConfigDomain_SYS) for LL_RCC_PLL_ConfigDomain_SYS
    stm32g0xx_ll_utils.o(i.LL_PLL_ConfigSystemClock_HSE) refers to stm32g0xx_ll_utils.o(i.UTILS_EnablePLLAndSwitchSystem) for UTILS_EnablePLLAndSwitchSystem
    stm32g0xx_ll_utils.o(i.LL_PLL_ConfigSystemClock_HSI) refers to stm32g0xx_ll_utils.o(i.UTILS_PLL_IsBusy) for UTILS_PLL_IsBusy
    stm32g0xx_ll_utils.o(i.LL_PLL_ConfigSystemClock_HSI) refers to stm32g0xx_ll_utils.o(i.UTILS_GetPLLOutputFrequency) for UTILS_GetPLLOutputFrequency
    stm32g0xx_ll_utils.o(i.LL_PLL_ConfigSystemClock_HSI) refers to stm32g0xx_ll_utils.o(i.LL_RCC_HSI_IsReady) for LL_RCC_HSI_IsReady
    stm32g0xx_ll_utils.o(i.LL_PLL_ConfigSystemClock_HSI) refers to stm32g0xx_ll_utils.o(i.LL_RCC_PLL_ConfigDomain_SYS) for LL_RCC_PLL_ConfigDomain_SYS
    stm32g0xx_ll_utils.o(i.LL_PLL_ConfigSystemClock_HSI) refers to stm32g0xx_ll_utils.o(i.UTILS_EnablePLLAndSwitchSystem) for UTILS_EnablePLLAndSwitchSystem
    stm32g0xx_ll_utils.o(i.LL_SetSystemCoreClock) refers to system_stm32g0xx.o(.data) for SystemCoreClock
    stm32g0xx_ll_utils.o(i.UTILS_EnablePLLAndSwitchSystem) refers to stm32g0xx_ll_utils.o(i.LL_SetFlashLatency) for LL_SetFlashLatency
    stm32g0xx_ll_utils.o(i.UTILS_EnablePLLAndSwitchSystem) refers to stm32g0xx_ll_utils.o(i.LL_RCC_PLL_IsReady) for LL_RCC_PLL_IsReady
    stm32g0xx_ll_utils.o(i.UTILS_EnablePLLAndSwitchSystem) refers to stm32g0xx_ll_utils.o(i.LL_SetSystemCoreClock) for LL_SetSystemCoreClock
    stm32g0xx_ll_utils.o(i.UTILS_EnablePLLAndSwitchSystem) refers to system_stm32g0xx.o(.constdata) for AHBPrescTable
    stm32g0xx_ll_utils.o(i.UTILS_EnablePLLAndSwitchSystem) refers to system_stm32g0xx.o(.data) for SystemCoreClock
    stm32g0xx_ll_utils.o(i.UTILS_GetPLLOutputFrequency) refers to uidiv.o(.text) for __aeabi_uidivmod
    stm32g0xx_ll_utils.o(i.UTILS_PLL_IsBusy) refers to stm32g0xx_ll_utils.o(i.LL_RCC_PLL_IsReady) for LL_RCC_PLL_IsReady
    stm32g0xx_ll_tim.o(i.LL_TIM_DeInit) refers to stm32g0xx_ll_tim.o(i.LL_APB2_GRP1_ForceReset) for LL_APB2_GRP1_ForceReset
    stm32g0xx_ll_tim.o(i.LL_TIM_DeInit) refers to stm32g0xx_ll_tim.o(i.LL_APB2_GRP1_ReleaseReset) for LL_APB2_GRP1_ReleaseReset
    stm32g0xx_ll_tim.o(i.LL_TIM_DeInit) refers to stm32g0xx_ll_tim.o(i.LL_APB1_GRP1_ForceReset) for LL_APB1_GRP1_ForceReset
    stm32g0xx_ll_tim.o(i.LL_TIM_DeInit) refers to stm32g0xx_ll_tim.o(i.LL_APB1_GRP1_ReleaseReset) for LL_APB1_GRP1_ReleaseReset
    stm32g0xx_ll_tim.o(i.LL_TIM_HALLSENSOR_Init) refers to stm32g0xx_ll_tim.o(i.LL_TIM_OC_SetCompareCH2) for LL_TIM_OC_SetCompareCH2
    stm32g0xx_ll_tim.o(i.LL_TIM_IC_Init) refers to stm32g0xx_ll_tim.o(i.IC1Config) for IC1Config
    stm32g0xx_ll_tim.o(i.LL_TIM_IC_Init) refers to stm32g0xx_ll_tim.o(i.IC2Config) for IC2Config
    stm32g0xx_ll_tim.o(i.LL_TIM_IC_Init) refers to stm32g0xx_ll_tim.o(i.IC3Config) for IC3Config
    stm32g0xx_ll_tim.o(i.LL_TIM_IC_Init) refers to stm32g0xx_ll_tim.o(i.IC4Config) for IC4Config
    stm32g0xx_ll_tim.o(i.LL_TIM_OC_Init) refers to stm32g0xx_ll_tim.o(i.OC1Config) for OC1Config
    stm32g0xx_ll_tim.o(i.LL_TIM_OC_Init) refers to stm32g0xx_ll_tim.o(i.OC2Config) for OC2Config
    stm32g0xx_ll_tim.o(i.LL_TIM_OC_Init) refers to stm32g0xx_ll_tim.o(i.OC3Config) for OC3Config
    stm32g0xx_ll_tim.o(i.LL_TIM_OC_Init) refers to stm32g0xx_ll_tim.o(i.OC4Config) for OC4Config
    stm32g0xx_ll_tim.o(i.LL_TIM_OC_Init) refers to stm32g0xx_ll_tim.o(i.OC5Config) for OC5Config
    stm32g0xx_ll_tim.o(i.LL_TIM_OC_Init) refers to stm32g0xx_ll_tim.o(i.OC6Config) for OC6Config
    stm32g0xx_ll_tim.o(i.OC2Config) refers to stm32g0xx_ll_tim.o(i.LL_TIM_OC_SetCompareCH2) for LL_TIM_OC_SetCompareCH2
    stm32g0xx_ll_ucpd.o(i.LL_UCPD_DeInit) refers to stm32g0xx_ll_ucpd.o(i.LL_UCPD_Disable) for LL_UCPD_Disable
    stm32g0xx_ll_ucpd.o(i.LL_UCPD_DeInit) refers to stm32g0xx_ll_ucpd.o(i.LL_APB1_GRP1_ForceReset) for LL_APB1_GRP1_ForceReset
    stm32g0xx_ll_ucpd.o(i.LL_UCPD_DeInit) refers to stm32g0xx_ll_ucpd.o(i.LL_APB1_GRP1_ReleaseReset) for LL_APB1_GRP1_ReleaseReset
    stm32g0xx_ll_ucpd.o(i.LL_UCPD_DeInit) refers to stm32g0xx_ll_ucpd.o(i.LL_APB1_GRP1_DisableClock) for LL_APB1_GRP1_DisableClock
    stm32g0xx_ll_ucpd.o(i.LL_UCPD_Init) refers to stm32g0xx_ll_ucpd.o(i.LL_APB1_GRP1_EnableClock) for LL_APB1_GRP1_EnableClock
    stm32g0xx_ll_ucpd.o(i.LL_UCPD_Init) refers to stm32g0xx_ll_ucpd.o(i.LL_UCPD_Disable) for LL_UCPD_Disable
    system_stm32g0xx.o(i.SystemCoreClockUpdate) refers to uidiv.o(.text) for __aeabi_uidivmod
    system_stm32g0xx.o(i.SystemCoreClockUpdate) refers to system_stm32g0xx.o(.data) for SystemCoreClock
    system_stm32g0xx.o(i.SystemCoreClockUpdate) refers to system_stm32g0xx.o(.constdata) for AHBPrescTable
    entry.o(.ARM.Collect$$$$00000000) refers (Special) to entry10a.o(.ARM.Collect$$$$0000000D) for __rt_final_cpp
    entry.o(.ARM.Collect$$$$00000000) refers (Special) to entry11a.o(.ARM.Collect$$$$0000000F) for __rt_final_exit
    entry.o(.ARM.Collect$$$$00000000) refers (Special) to entry7b.o(.ARM.Collect$$$$00000008) for _main_clock
    entry.o(.ARM.Collect$$$$00000000) refers (Special) to entry8b.o(.ARM.Collect$$$$0000000A) for _main_cpp_init
    entry.o(.ARM.Collect$$$$00000000) refers (Special) to entry9a.o(.ARM.Collect$$$$0000000B) for _main_init
    entry.o(.ARM.Collect$$$$00000000) refers (Special) to entry5.o(.ARM.Collect$$$$00000004) for _main_scatterload
    entry.o(.ARM.Collect$$$$00000000) refers (Special) to entry2.o(.ARM.Collect$$$$00000001) for _main_stk
    idiv.o(.text) refers to uidiv.o(.text) for __aeabi_uidivmod
    entry2.o(.ARM.Collect$$$$00000001) refers to entry2.o(.ARM.Collect$$$$00002712) for __lit__00000000
    entry2.o(.ARM.Collect$$$$00002712) refers to startup_stm32g071xx.o(STACK) for __initial_sp
    entry2.o(__vectab_stack_and_reset_area) refers to startup_stm32g071xx.o(STACK) for __initial_sp
    entry2.o(__vectab_stack_and_reset_area) refers to entry.o(.ARM.Collect$$$$00000000) for __main
    entry5.o(.ARM.Collect$$$$00000004) refers to init.o(.text) for __scatterload
    entry9a.o(.ARM.Collect$$$$0000000B) refers to main.o(i.main) for main
    entry9b.o(.ARM.Collect$$$$0000000C) refers to main.o(i.main) for main
    init.o(.text) refers to entry5.o(.ARM.Collect$$$$00000004) for __main_after_scatterload


==============================================================================

Removing Unused input sections from the image.

    Removing startup_stm32g071xx.o(HEAP), (512 bytes).
    Removing spi_ili9341.o(.rev16_text), (4 bytes).
    Removing spi_ili9341.o(.revsh_text), (4 bytes).
    Removing spi_ili9341.o(i.TFT9341_DrawChar), (260 bytes).
    Removing spi_ili9341.o(i.TFT9341_DrawPixel), (76 bytes).
    Removing spi_ili9341.o(i.TFT9341_SetBackColor), (12 bytes).
    Removing spi_ili9341.o(i.TFT9341_SetTextColor), (12 bytes).
    Removing spi_ili9341.o(i.TFT9341_String), (44 bytes).
    Removing mod_bus.o(.rev16_text), (4 bytes).
    Removing mod_bus.o(.revsh_text), (4 bytes).
    Removing mod_bus.o(i.MODBUS_crc16), (72 bytes).
    Removing mod_bus.o(i.Read_Messange), (2 bytes).
    Removing mod_bus.o(i.Send_Messange), (2 bytes).
    Removing mod_bus.o(.constdata), (52 bytes).
    Removing main.o(.rev16_text), (4 bytes).
    Removing main.o(.revsh_text), (4 bytes).
    Removing main.o(i.Error_Handler), (6 bytes).
    Removing gpio.o(.rev16_text), (4 bytes).
    Removing gpio.o(.revsh_text), (4 bytes).
    Removing gpio.o(.constdata), (52 bytes).
    Removing dma.o(.rev16_text), (4 bytes).
    Removing dma.o(.revsh_text), (4 bytes).
    Removing spi.o(.rev16_text), (4 bytes).
    Removing spi.o(.revsh_text), (4 bytes).
    Removing tim.o(.rev16_text), (4 bytes).
    Removing tim.o(.revsh_text), (4 bytes).
    Removing ucpd.o(.rev16_text), (4 bytes).
    Removing ucpd.o(.revsh_text), (4 bytes).
    Removing ucpd.o(.constdata), (52 bytes).
    Removing stm32g0xx_it.o(.rev16_text), (4 bytes).
    Removing stm32g0xx_it.o(.revsh_text), (4 bytes).
    Removing stm32g0xx_ll_gpio.o(.rev16_text), (4 bytes).
    Removing stm32g0xx_ll_gpio.o(.revsh_text), (4 bytes).
    Removing stm32g0xx_ll_gpio.o(i.LL_GPIO_DeInit), (132 bytes).
    Removing stm32g0xx_ll_gpio.o(i.LL_GPIO_StructInit), (24 bytes).
    Removing stm32g0xx_ll_gpio.o(i.LL_IOP_GRP1_ForceReset), (16 bytes).
    Removing stm32g0xx_ll_gpio.o(i.LL_IOP_GRP1_ReleaseReset), (16 bytes).
    Removing stm32g0xx_ll_exti.o(.rev16_text), (4 bytes).
    Removing stm32g0xx_ll_exti.o(.revsh_text), (4 bytes).
    Removing stm32g0xx_ll_exti.o(i.LL_EXTI_DeInit), (48 bytes).
    Removing stm32g0xx_ll_exti.o(i.LL_EXTI_StructInit), (16 bytes).
    Removing stm32g0xx_ll_dma.o(.rev16_text), (4 bytes).
    Removing stm32g0xx_ll_dma.o(.revsh_text), (4 bytes).
    Removing stm32g0xx_ll_dma.o(i.LL_DMA_DeInit), (308 bytes).
    Removing stm32g0xx_ll_dma.o(i.LL_DMA_Init), (140 bytes).
    Removing stm32g0xx_ll_dma.o(i.LL_DMA_SetPeriphRequest), (48 bytes).
    Removing stm32g0xx_ll_dma.o(i.LL_DMA_StructInit), (26 bytes).
    Removing stm32g0xx_ll_dma.o(.constdata), (7 bytes).
    Removing stm32g0xx_ll_spi.o(.rev16_text), (4 bytes).
    Removing stm32g0xx_ll_spi.o(.revsh_text), (4 bytes).
    Removing stm32g0xx_ll_spi.o(i.LL_I2S_ConfigPrescaler), (18 bytes).
    Removing stm32g0xx_ll_spi.o(i.LL_I2S_DeInit), (12 bytes).
    Removing stm32g0xx_ll_spi.o(i.LL_I2S_Init), (212 bytes).
    Removing stm32g0xx_ll_spi.o(i.LL_I2S_StructInit), (20 bytes).
    Removing stm32g0xx_ll_spi.o(i.LL_SPI_DeInit), (92 bytes).
    Removing stm32g0xx_ll_spi.o(i.LL_SPI_StructInit), (32 bytes).
    Removing stm32g0xx_ll_rcc.o(.rev16_text), (4 bytes).
    Removing stm32g0xx_ll_rcc.o(.revsh_text), (4 bytes).
    Removing stm32g0xx_ll_rcc.o(i.LL_RCC_DeInit), (124 bytes).
    Removing stm32g0xx_ll_rcc.o(i.LL_RCC_GetADCClockFreq), (88 bytes).
    Removing stm32g0xx_ll_rcc.o(i.LL_RCC_GetCECClockFreq), (64 bytes).
    Removing stm32g0xx_ll_rcc.o(i.LL_RCC_GetI2CClockFreq), (108 bytes).
    Removing stm32g0xx_ll_rcc.o(i.LL_RCC_GetI2SClockFreq), (96 bytes).
    Removing stm32g0xx_ll_rcc.o(i.LL_RCC_GetLPTIMClockFreq), (200 bytes).
    Removing stm32g0xx_ll_rcc.o(i.LL_RCC_GetLPTIMClockSource), (20 bytes).
    Removing stm32g0xx_ll_rcc.o(i.LL_RCC_GetLPUARTClockFreq), (124 bytes).
    Removing stm32g0xx_ll_rcc.o(i.LL_RCC_GetRTCClockFreq), (100 bytes).
    Removing stm32g0xx_ll_rcc.o(i.LL_RCC_GetSystemClocksFreq), (28 bytes).
    Removing stm32g0xx_ll_rcc.o(i.LL_RCC_GetTIMClockFreq), (144 bytes).
    Removing stm32g0xx_ll_rcc.o(i.LL_RCC_GetTIMClockSource), (20 bytes).
    Removing stm32g0xx_ll_rcc.o(i.LL_RCC_GetUSARTClockFreq), (188 bytes).
    Removing stm32g0xx_ll_rcc.o(i.LL_RCC_GetUSARTClockSource), (20 bytes).
    Removing stm32g0xx_ll_rcc.o(i.LL_RCC_HSI_IsReady), (20 bytes).
    Removing stm32g0xx_ll_rcc.o(i.LL_RCC_LSE_IsReady), (16 bytes).
    Removing stm32g0xx_ll_rcc.o(i.LL_RCC_LSI_IsReady), (16 bytes).
    Removing stm32g0xx_ll_rcc.o(i.LL_RCC_PLL_GetDivider), (16 bytes).
    Removing stm32g0xx_ll_rcc.o(i.LL_RCC_PLL_GetMainSource), (16 bytes).
    Removing stm32g0xx_ll_rcc.o(i.LL_RCC_PLL_GetN), (20 bytes).
    Removing stm32g0xx_ll_rcc.o(i.LL_RCC_PLL_GetP), (16 bytes).
    Removing stm32g0xx_ll_rcc.o(i.LL_RCC_PLL_GetQ), (16 bytes).
    Removing stm32g0xx_ll_rcc.o(i.LL_RCC_PLL_IsReady), (20 bytes).
    Removing stm32g0xx_ll_rcc.o(i.RCC_GetHCLKClockFreq), (44 bytes).
    Removing stm32g0xx_ll_rcc.o(i.RCC_GetPCLK1ClockFreq), (40 bytes).
    Removing stm32g0xx_ll_rcc.o(i.RCC_GetSystemClockFreq), (84 bytes).
    Removing stm32g0xx_ll_rcc.o(i.RCC_PLL_GetFreqDomain_ADC), (76 bytes).
    Removing stm32g0xx_ll_rcc.o(i.RCC_PLL_GetFreqDomain_I2S1), (76 bytes).
    Removing stm32g0xx_ll_rcc.o(i.RCC_PLL_GetFreqDomain_SYS), (84 bytes).
    Removing stm32g0xx_ll_rcc.o(i.RCC_PLL_GetFreqDomain_TIM1), (76 bytes).
    Removing stm32g0xx_ll_rcc.o(i.RCC_PLL_GetFreqDomain_TIM15), (76 bytes).
    Removing stm32g0xx_ll_utils.o(.rev16_text), (4 bytes).
    Removing stm32g0xx_ll_utils.o(.revsh_text), (4 bytes).
    Removing stm32g0xx_ll_utils.o(i.LL_PLL_ConfigSystemClock_HSE), (140 bytes).
    Removing stm32g0xx_ll_utils.o(i.LL_PLL_ConfigSystemClock_HSI), (96 bytes).
    Removing stm32g0xx_ll_utils.o(i.LL_RCC_HSE_IsReady), (20 bytes).
    Removing stm32g0xx_ll_utils.o(i.LL_RCC_HSI_IsReady), (20 bytes).
    Removing stm32g0xx_ll_utils.o(i.LL_RCC_PLL_ConfigDomain_SYS), (36 bytes).
    Removing stm32g0xx_ll_utils.o(i.LL_RCC_PLL_IsReady), (20 bytes).
    Removing stm32g0xx_ll_utils.o(i.LL_SetFlashLatency), (112 bytes).
    Removing stm32g0xx_ll_utils.o(i.UTILS_EnablePLLAndSwitchSystem), (216 bytes).
    Removing stm32g0xx_ll_utils.o(i.UTILS_GetPLLOutputFrequency), (46 bytes).
    Removing stm32g0xx_ll_utils.o(i.UTILS_PLL_IsBusy), (18 bytes).
    Removing stm32g0xx_ll_pwr.o(.rev16_text), (4 bytes).
    Removing stm32g0xx_ll_pwr.o(.revsh_text), (4 bytes).
    Removing stm32g0xx_ll_pwr.o(i.LL_PWR_DeInit), (36 bytes).
    Removing stm32g0xx_ll_tim.o(.rev16_text), (4 bytes).
    Removing stm32g0xx_ll_tim.o(.revsh_text), (4 bytes).
    Removing stm32g0xx_ll_tim.o(i.IC1Config), (54 bytes).
    Removing stm32g0xx_ll_tim.o(i.IC2Config), (58 bytes).
    Removing stm32g0xx_ll_tim.o(i.IC3Config), (62 bytes).
    Removing stm32g0xx_ll_tim.o(i.IC4Config), (64 bytes).
    Removing stm32g0xx_ll_tim.o(i.LL_APB1_GRP1_ForceReset), (16 bytes).
    Removing stm32g0xx_ll_tim.o(i.LL_APB1_GRP1_ReleaseReset), (16 bytes).
    Removing stm32g0xx_ll_tim.o(i.LL_APB2_GRP1_ForceReset), (16 bytes).
    Removing stm32g0xx_ll_tim.o(i.LL_APB2_GRP1_ReleaseReset), (16 bytes).
    Removing stm32g0xx_ll_tim.o(i.LL_TIM_BDTR_Init), (216 bytes).
    Removing stm32g0xx_ll_tim.o(i.LL_TIM_BDTR_StructInit), (30 bytes).
    Removing stm32g0xx_ll_tim.o(i.LL_TIM_DeInit), (240 bytes).
    Removing stm32g0xx_ll_tim.o(i.LL_TIM_ENCODER_Init), (116 bytes).
    Removing stm32g0xx_ll_tim.o(i.LL_TIM_ENCODER_StructInit), (36 bytes).
    Removing stm32g0xx_ll_tim.o(i.LL_TIM_HALLSENSOR_Init), (144 bytes).
    Removing stm32g0xx_ll_tim.o(i.LL_TIM_HALLSENSOR_StructInit), (12 bytes).
    Removing stm32g0xx_ll_tim.o(i.LL_TIM_IC_Init), (92 bytes).
    Removing stm32g0xx_ll_tim.o(i.LL_TIM_IC_StructInit), (18 bytes).
    Removing stm32g0xx_ll_tim.o(i.LL_TIM_OC_StructInit), (20 bytes).
    Removing stm32g0xx_ll_tim.o(i.LL_TIM_StructInit), (18 bytes).
    Removing stm32g0xx_ll_tim.o(.constdata), (45 bytes).
    Removing stm32g0xx_ll_ucpd.o(.rev16_text), (4 bytes).
    Removing stm32g0xx_ll_ucpd.o(.revsh_text), (4 bytes).
    Removing stm32g0xx_ll_ucpd.o(i.LL_APB1_GRP1_DisableClock), (16 bytes).
    Removing stm32g0xx_ll_ucpd.o(i.LL_APB1_GRP1_EnableClock), (28 bytes).
    Removing stm32g0xx_ll_ucpd.o(i.LL_APB1_GRP1_ForceReset), (16 bytes).
    Removing stm32g0xx_ll_ucpd.o(i.LL_APB1_GRP1_ReleaseReset), (16 bytes).
    Removing stm32g0xx_ll_ucpd.o(i.LL_UCPD_DeInit), (84 bytes).
    Removing stm32g0xx_ll_ucpd.o(i.LL_UCPD_Disable), (10 bytes).
    Removing stm32g0xx_ll_ucpd.o(i.LL_UCPD_Init), (84 bytes).
    Removing stm32g0xx_ll_ucpd.o(i.LL_UCPD_StructInit), (20 bytes).
    Removing system_stm32g0xx.o(.rev16_text), (4 bytes).
    Removing system_stm32g0xx.o(.revsh_text), (4 bytes).
    Removing system_stm32g0xx.o(i.SystemCoreClockUpdate), (232 bytes).
    Removing system_stm32g0xx.o(.constdata), (96 bytes).

140 unused section(s) (total 7160 bytes) removed from the image.

==============================================================================

Image Symbol Table

    Local Symbols

    Symbol Name                              Value     Ov Type        Size  Object(Section)

    ../Core/Src/dma.c                        0x00000000   Number         0  dma.o ABSOLUTE
    ../Core/Src/gpio.c                       0x00000000   Number         0  gpio.o ABSOLUTE
    ../Core/Src/main.c                       0x00000000   Number         0  main.o ABSOLUTE
    ../Core/Src/spi.c                        0x00000000   Number         0  spi.o ABSOLUTE
    ../Core/Src/stm32g0xx_it.c               0x00000000   Number         0  stm32g0xx_it.o ABSOLUTE
    ../Core/Src/system_stm32g0xx.c           0x00000000   Number         0  system_stm32g0xx.o ABSOLUTE
    ../Core/Src/tim.c                        0x00000000   Number         0  tim.o ABSOLUTE
    ../Core/Src/ucpd.c                       0x00000000   Number         0  ucpd.o ABSOLUTE
    ../Drivers/STM32G0xx_HAL_Driver/Src/stm32g0xx_ll_dma.c 0x00000000   Number         0  stm32g0xx_ll_dma.o ABSOLUTE
    ../Drivers/STM32G0xx_HAL_Driver/Src/stm32g0xx_ll_exti.c 0x00000000   Number         0  stm32g0xx_ll_exti.o ABSOLUTE
    ../Drivers/STM32G0xx_HAL_Driver/Src/stm32g0xx_ll_gpio.c 0x00000000   Number         0  stm32g0xx_ll_gpio.o ABSOLUTE
    ../Drivers/STM32G0xx_HAL_Driver/Src/stm32g0xx_ll_pwr.c 0x00000000   Number         0  stm32g0xx_ll_pwr.o ABSOLUTE
    ../Drivers/STM32G0xx_HAL_Driver/Src/stm32g0xx_ll_rcc.c 0x00000000   Number         0  stm32g0xx_ll_rcc.o ABSOLUTE
    ../Drivers/STM32G0xx_HAL_Driver/Src/stm32g0xx_ll_spi.c 0x00000000   Number         0  stm32g0xx_ll_spi.o ABSOLUTE
    ../Drivers/STM32G0xx_HAL_Driver/Src/stm32g0xx_ll_tim.c 0x00000000   Number         0  stm32g0xx_ll_tim.o ABSOLUTE
    ../Drivers/STM32G0xx_HAL_Driver/Src/stm32g0xx_ll_ucpd.c 0x00000000   Number         0  stm32g0xx_ll_ucpd.o ABSOLUTE
    ../Drivers/STM32G0xx_HAL_Driver/Src/stm32g0xx_ll_utils.c 0x00000000   Number         0  stm32g0xx_ll_utils.o ABSOLUTE
    ../clib/microlib/division.c              0x00000000   Number         0  idiv.o ABSOLUTE
    ../clib/microlib/division.c              0x00000000   Number         0  uidiv.o ABSOLUTE
    ../clib/microlib/init/entry.s            0x00000000   Number         0  entry5.o ABSOLUTE
    ../clib/microlib/init/entry.s            0x00000000   Number         0  entry7b.o ABSOLUTE
    ../clib/microlib/init/entry.s            0x00000000   Number         0  entry7a.o ABSOLUTE
    ../clib/microlib/init/entry.s            0x00000000   Number         0  entry8b.o ABSOLUTE
    ../clib/microlib/init/entry.s            0x00000000   Number         0  entry11b.o ABSOLUTE
    ../clib/microlib/init/entry.s            0x00000000   Number         0  entry2.o ABSOLUTE
    ../clib/microlib/init/entry.s            0x00000000   Number         0  entry11a.o ABSOLUTE
    ../clib/microlib/init/entry.s            0x00000000   Number         0  entry10b.o ABSOLUTE
    ../clib/microlib/init/entry.s            0x00000000   Number         0  entry10a.o ABSOLUTE
    ../clib/microlib/init/entry.s            0x00000000   Number         0  entry9b.o ABSOLUTE
    ../clib/microlib/init/entry.s            0x00000000   Number         0  entry9a.o ABSOLUTE
    ../clib/microlib/init/entry.s            0x00000000   Number         0  entry.o ABSOLUTE
    ../clib/microlib/init/entry.s            0x00000000   Number         0  entry8a.o ABSOLUTE
    ../clib/microlib/string/memset.c         0x00000000   Number         0  memseta.o ABSOLUTE
    ..\Core\Src\Mod_bus.c                    0x00000000   Number         0  mod_bus.o ABSOLUTE
    ..\Core\Src\dma.c                        0x00000000   Number         0  dma.o ABSOLUTE
    ..\Core\Src\font48.c                     0x00000000   Number         0  font48.o ABSOLUTE
    ..\Core\Src\gpio.c                       0x00000000   Number         0  gpio.o ABSOLUTE
    ..\Core\Src\main.c                       0x00000000   Number         0  main.o ABSOLUTE
    ..\Core\Src\spi.c                        0x00000000   Number         0  spi.o ABSOLUTE
    ..\Core\Src\spi_ili9341.c                0x00000000   Number         0  spi_ili9341.o ABSOLUTE
    ..\Core\Src\stm32g0xx_it.c               0x00000000   Number         0  stm32g0xx_it.o ABSOLUTE
    ..\Core\Src\system_stm32g0xx.c           0x00000000   Number         0  system_stm32g0xx.o ABSOLUTE
    ..\Core\Src\tim.c                        0x00000000   Number         0  tim.o ABSOLUTE
    ..\Core\Src\ucpd.c                       0x00000000   Number         0  ucpd.o ABSOLUTE
    ..\Drivers\STM32G0xx_HAL_Driver\Src\stm32g0xx_ll_dma.c 0x00000000   Number         0  stm32g0xx_ll_dma.o ABSOLUTE
    ..\Drivers\STM32G0xx_HAL_Driver\Src\stm32g0xx_ll_exti.c 0x00000000   Number         0  stm32g0xx_ll_exti.o ABSOLUTE
    ..\Drivers\STM32G0xx_HAL_Driver\Src\stm32g0xx_ll_gpio.c 0x00000000   Number         0  stm32g0xx_ll_gpio.o ABSOLUTE
    ..\Drivers\STM32G0xx_HAL_Driver\Src\stm32g0xx_ll_pwr.c 0x00000000   Number         0  stm32g0xx_ll_pwr.o ABSOLUTE
    ..\Drivers\STM32G0xx_HAL_Driver\Src\stm32g0xx_ll_rcc.c 0x00000000   Number         0  stm32g0xx_ll_rcc.o ABSOLUTE
    ..\Drivers\STM32G0xx_HAL_Driver\Src\stm32g0xx_ll_spi.c 0x00000000   Number         0  stm32g0xx_ll_spi.o ABSOLUTE
    ..\Drivers\STM32G0xx_HAL_Driver\Src\stm32g0xx_ll_tim.c 0x00000000   Number         0  stm32g0xx_ll_tim.o ABSOLUTE
    ..\Drivers\STM32G0xx_HAL_Driver\Src\stm32g0xx_ll_ucpd.c 0x00000000   Number         0  stm32g0xx_ll_ucpd.o ABSOLUTE
    ..\Drivers\STM32G0xx_HAL_Driver\Src\stm32g0xx_ll_utils.c 0x00000000   Number         0  stm32g0xx_ll_utils.o ABSOLUTE
    ..\\Core\\Src\\Mod_bus.c                 0x00000000   Number         0  mod_bus.o ABSOLUTE
    ..\\Core\\Src\\spi_ili9341.c             0x00000000   Number         0  spi_ili9341.o ABSOLUTE
    dc.s                                     0x00000000   Number         0  dc.o ABSOLUTE
    handlers.s                               0x00000000   Number         0  handlers.o ABSOLUTE
    init.s                                   0x00000000   Number         0  init.o ABSOLUTE
    startup_stm32g071xx.s                    0x00000000   Number         0  startup_stm32g071xx.o ABSOLUTE
    RESET                                    0x08000000   Section      188  startup_stm32g071xx.o(RESET)
    .ARM.Collect$$$$00000000                 0x080000bc   Section        0  entry.o(.ARM.Collect$$$$00000000)
    .ARM.Collect$$$$00000001                 0x080000bc   Section        4  entry2.o(.ARM.Collect$$$$00000001)
    .ARM.Collect$$$$00000004                 0x080000c0   Section        4  entry5.o(.ARM.Collect$$$$00000004)
    .ARM.Collect$$$$00000008                 0x080000c4   Section        0  entry7b.o(.ARM.Collect$$$$00000008)
    .ARM.Collect$$$$0000000A                 0x080000c4   Section        0  entry8b.o(.ARM.Collect$$$$0000000A)
    .ARM.Collect$$$$0000000B                 0x080000c4   Section        8  entry9a.o(.ARM.Collect$$$$0000000B)
    .ARM.Collect$$$$0000000D                 0x080000cc   Section        0  entry10a.o(.ARM.Collect$$$$0000000D)
    .ARM.Collect$$$$0000000F                 0x080000cc   Section        0  entry11a.o(.ARM.Collect$$$$0000000F)
    .ARM.Collect$$$$00002712                 0x080000cc   Section        4  entry2.o(.ARM.Collect$$$$00002712)
    __lit__00000000                          0x080000cc   Data           4  entry2.o(.ARM.Collect$$$$00002712)
    .text                                    0x080000d0   Section       28  startup_stm32g071xx.o(.text)
    .text                                    0x080000ec   Section        0  uidiv.o(.text)
    .text                                    0x08000118   Section        0  idiv.o(.text)
    .text                                    0x08000140   Section        0  memseta.o(.text)
    .text                                    0x08000164   Section       36  init.o(.text)
    i.DMA1_Channel1_IRQHandler               0x08000188   Section        0  stm32g0xx_it.o(i.DMA1_Channel1_IRQHandler)
    i.DMA1_Channel2_3_IRQHandler             0x080001d0   Section        0  stm32g0xx_it.o(i.DMA1_Channel2_3_IRQHandler)
    i.EXTI4_15_IRQHandler                    0x08000260   Section        0  stm32g0xx_it.o(i.EXTI4_15_IRQHandler)
    i.HardFault_Handler                      0x080002a0   Section        0  stm32g0xx_it.o(i.HardFault_Handler)
    i.LL_APB1_GRP1_EnableClock               0x080002a4   Section        0  ucpd.o(i.LL_APB1_GRP1_EnableClock)
    LL_APB1_GRP1_EnableClock                 0x080002a5   Thumb Code    24  ucpd.o(i.LL_APB1_GRP1_EnableClock)
    i.LL_DMA_ConfigAddresses                 0x080002c0   Section        0  dma.o(i.LL_DMA_ConfigAddresses)
    LL_DMA_ConfigAddresses                   0x080002c1   Thumb Code    46  dma.o(i.LL_DMA_ConfigAddresses)
    i.LL_DMA_DisableChannel                  0x080002f4   Section        0  main.o(i.LL_DMA_DisableChannel)
    LL_DMA_DisableChannel                    0x080002f5   Thumb Code    22  main.o(i.LL_DMA_DisableChannel)
    i.LL_DMA_DisableChannel                  0x08000310   Section        0  dma.o(i.LL_DMA_DisableChannel)
    LL_DMA_DisableChannel                    0x08000311   Thumb Code    22  dma.o(i.LL_DMA_DisableChannel)
    i.LL_DMA_EnableChannel                   0x0800032c   Section        0  main.o(i.LL_DMA_EnableChannel)
    LL_DMA_EnableChannel                     0x0800032d   Thumb Code    22  main.o(i.LL_DMA_EnableChannel)
    i.LL_DMA_EnableIT_TC                     0x08000348   Section        0  dma.o(i.LL_DMA_EnableIT_TC)
    LL_DMA_EnableIT_TC                       0x08000349   Thumb Code    22  dma.o(i.LL_DMA_EnableIT_TC)
    i.LL_DMA_EnableIT_TE                     0x08000364   Section        0  dma.o(i.LL_DMA_EnableIT_TE)
    LL_DMA_EnableIT_TE                       0x08000365   Thumb Code    22  dma.o(i.LL_DMA_EnableIT_TE)
    i.LL_DMA_GetDataTransferDirection        0x08000380   Section        0  dma.o(i.LL_DMA_GetDataTransferDirection)
    LL_DMA_GetDataTransferDirection          0x08000381   Thumb Code    18  dma.o(i.LL_DMA_GetDataTransferDirection)
    i.LL_DMA_SetChannelPriorityLevel         0x0800039c   Section        0  spi.o(i.LL_DMA_SetChannelPriorityLevel)
    LL_DMA_SetChannelPriorityLevel           0x0800039d   Thumb Code    26  spi.o(i.LL_DMA_SetChannelPriorityLevel)
    i.LL_DMA_SetDataLength                   0x080003bc   Section        0  main.o(i.LL_DMA_SetDataLength)
    LL_DMA_SetDataLength                     0x080003bd   Thumb Code    28  main.o(i.LL_DMA_SetDataLength)
    i.LL_DMA_SetDataTransferDirection        0x080003dc   Section        0  spi.o(i.LL_DMA_SetDataTransferDirection)
    LL_DMA_SetDataTransferDirection          0x080003dd   Thumb Code    24  spi.o(i.LL_DMA_SetDataTransferDirection)
    i.LL_DMA_SetMemoryIncMode                0x080003fc   Section        0  spi.o(i.LL_DMA_SetMemoryIncMode)
    LL_DMA_SetMemoryIncMode                  0x080003fd   Thumb Code    24  spi.o(i.LL_DMA_SetMemoryIncMode)
    i.LL_DMA_SetMemorySize                   0x08000418   Section        0  spi.o(i.LL_DMA_SetMemorySize)
    LL_DMA_SetMemorySize                     0x08000419   Thumb Code    26  spi.o(i.LL_DMA_SetMemorySize)
    i.LL_DMA_SetMode                         0x08000438   Section        0  spi.o(i.LL_DMA_SetMode)
    LL_DMA_SetMode                           0x08000439   Thumb Code    24  spi.o(i.LL_DMA_SetMode)
    i.LL_DMA_SetPeriphIncMode                0x08000454   Section        0  spi.o(i.LL_DMA_SetPeriphIncMode)
    LL_DMA_SetPeriphIncMode                  0x08000455   Thumb Code    24  spi.o(i.LL_DMA_SetPeriphIncMode)
    i.LL_DMA_SetPeriphRequest                0x08000470   Section        0  spi.o(i.LL_DMA_SetPeriphRequest)
    LL_DMA_SetPeriphRequest                  0x08000471   Thumb Code    40  spi.o(i.LL_DMA_SetPeriphRequest)
    i.LL_DMA_SetPeriphSize                   0x080004a0   Section        0  spi.o(i.LL_DMA_SetPeriphSize)
    LL_DMA_SetPeriphSize                     0x080004a1   Thumb Code    26  spi.o(i.LL_DMA_SetPeriphSize)
    i.LL_EXTI_ClearFallingFlag_0_31          0x080004c0   Section        0  stm32g0xx_it.o(i.LL_EXTI_ClearFallingFlag_0_31)
    LL_EXTI_ClearFallingFlag_0_31            0x080004c1   Thumb Code     6  stm32g0xx_it.o(i.LL_EXTI_ClearFallingFlag_0_31)
    i.LL_EXTI_DisableEvent_0_31              0x080004cc   Section        0  stm32g0xx_ll_exti.o(i.LL_EXTI_DisableEvent_0_31)
    LL_EXTI_DisableEvent_0_31                0x080004cd   Thumb Code    12  stm32g0xx_ll_exti.o(i.LL_EXTI_DisableEvent_0_31)
    i.LL_EXTI_DisableEvent_32_63             0x080004dc   Section        0  stm32g0xx_ll_exti.o(i.LL_EXTI_DisableEvent_32_63)
    LL_EXTI_DisableEvent_32_63               0x080004dd   Thumb Code    12  stm32g0xx_ll_exti.o(i.LL_EXTI_DisableEvent_32_63)
    i.LL_EXTI_DisableIT_0_31                 0x080004ec   Section        0  stm32g0xx_ll_exti.o(i.LL_EXTI_DisableIT_0_31)
    LL_EXTI_DisableIT_0_31                   0x080004ed   Thumb Code    12  stm32g0xx_ll_exti.o(i.LL_EXTI_DisableIT_0_31)
    i.LL_EXTI_DisableIT_32_63                0x080004fc   Section        0  stm32g0xx_ll_exti.o(i.LL_EXTI_DisableIT_32_63)
    LL_EXTI_DisableIT_32_63                  0x080004fd   Thumb Code    12  stm32g0xx_ll_exti.o(i.LL_EXTI_DisableIT_32_63)
    i.LL_EXTI_EnableEvent_0_31               0x0800050c   Section        0  stm32g0xx_ll_exti.o(i.LL_EXTI_EnableEvent_0_31)
    LL_EXTI_EnableEvent_0_31                 0x0800050d   Thumb Code    12  stm32g0xx_ll_exti.o(i.LL_EXTI_EnableEvent_0_31)
    i.LL_EXTI_EnableEvent_32_63              0x0800051c   Section        0  stm32g0xx_ll_exti.o(i.LL_EXTI_EnableEvent_32_63)
    LL_EXTI_EnableEvent_32_63                0x0800051d   Thumb Code    12  stm32g0xx_ll_exti.o(i.LL_EXTI_EnableEvent_32_63)
    i.LL_EXTI_EnableFallingTrig_0_31         0x0800052c   Section        0  stm32g0xx_ll_exti.o(i.LL_EXTI_EnableFallingTrig_0_31)
    LL_EXTI_EnableFallingTrig_0_31           0x0800052d   Thumb Code    12  stm32g0xx_ll_exti.o(i.LL_EXTI_EnableFallingTrig_0_31)
    i.LL_EXTI_EnableIT_0_31                  0x0800053c   Section        0  stm32g0xx_ll_exti.o(i.LL_EXTI_EnableIT_0_31)
    LL_EXTI_EnableIT_0_31                    0x0800053d   Thumb Code    12  stm32g0xx_ll_exti.o(i.LL_EXTI_EnableIT_0_31)
    i.LL_EXTI_EnableIT_32_63                 0x0800054c   Section        0  stm32g0xx_ll_exti.o(i.LL_EXTI_EnableIT_32_63)
    LL_EXTI_EnableIT_32_63                   0x0800054d   Thumb Code    12  stm32g0xx_ll_exti.o(i.LL_EXTI_EnableIT_32_63)
    i.LL_EXTI_EnableRisingTrig_0_31          0x0800055c   Section        0  stm32g0xx_ll_exti.o(i.LL_EXTI_EnableRisingTrig_0_31)
    LL_EXTI_EnableRisingTrig_0_31            0x0800055d   Thumb Code    12  stm32g0xx_ll_exti.o(i.LL_EXTI_EnableRisingTrig_0_31)
    i.LL_EXTI_Init                           0x0800056c   Section        0  stm32g0xx_ll_exti.o(i.LL_EXTI_Init)
    i.LL_EXTI_IsActiveFallingFlag_0_31       0x08000680   Section        0  stm32g0xx_it.o(i.LL_EXTI_IsActiveFallingFlag_0_31)
    LL_EXTI_IsActiveFallingFlag_0_31         0x08000681   Thumb Code    20  stm32g0xx_it.o(i.LL_EXTI_IsActiveFallingFlag_0_31)
    i.LL_EXTI_SetEXTISource                  0x08000698   Section        0  gpio.o(i.LL_EXTI_SetEXTISource)
    LL_EXTI_SetEXTISource                    0x08000699   Thumb Code    36  gpio.o(i.LL_EXTI_SetEXTISource)
    i.LL_GPIO_Init                           0x080006c0   Section        0  stm32g0xx_ll_gpio.o(i.LL_GPIO_Init)
    i.LL_GPIO_ResetOutputPin                 0x080007aa   Section        0  spi_ili9341.o(i.LL_GPIO_ResetOutputPin)
    LL_GPIO_ResetOutputPin                   0x080007ab   Thumb Code     4  spi_ili9341.o(i.LL_GPIO_ResetOutputPin)
    i.LL_GPIO_ResetOutputPin                 0x080007ae   Section        0  gpio.o(i.LL_GPIO_ResetOutputPin)
    LL_GPIO_ResetOutputPin                   0x080007af   Thumb Code     4  gpio.o(i.LL_GPIO_ResetOutputPin)
    i.LL_GPIO_SetOutputPin                   0x080007b2   Section        0  spi_ili9341.o(i.LL_GPIO_SetOutputPin)
    LL_GPIO_SetOutputPin                     0x080007b3   Thumb Code     4  spi_ili9341.o(i.LL_GPIO_SetOutputPin)
    i.LL_GPIO_SetPinMode                     0x080007b6   Section        0  gpio.o(i.LL_GPIO_SetPinMode)
    LL_GPIO_SetPinMode                       0x080007b7   Thumb Code    26  gpio.o(i.LL_GPIO_SetPinMode)
    i.LL_GPIO_SetPinPull                     0x080007d0   Section        0  gpio.o(i.LL_GPIO_SetPinPull)
    LL_GPIO_SetPinPull                       0x080007d1   Thumb Code    26  gpio.o(i.LL_GPIO_SetPinPull)
    i.LL_IOP_GRP1_EnableClock                0x080007ec   Section        0  gpio.o(i.LL_IOP_GRP1_EnableClock)
    LL_IOP_GRP1_EnableClock                  0x080007ed   Thumb Code    24  gpio.o(i.LL_IOP_GRP1_EnableClock)
    i.LL_IOP_GRP1_EnableClock                0x08000808   Section        0  spi.o(i.LL_IOP_GRP1_EnableClock)
    LL_IOP_GRP1_EnableClock                  0x08000809   Thumb Code    24  spi.o(i.LL_IOP_GRP1_EnableClock)
    i.LL_IOP_GRP1_EnableClock                0x08000824   Section        0  tim.o(i.LL_IOP_GRP1_EnableClock)
    LL_IOP_GRP1_EnableClock                  0x08000825   Thumb Code    24  tim.o(i.LL_IOP_GRP1_EnableClock)
    i.LL_IOP_GRP1_EnableClock                0x08000840   Section        0  ucpd.o(i.LL_IOP_GRP1_EnableClock)
    LL_IOP_GRP1_EnableClock                  0x08000841   Thumb Code    24  ucpd.o(i.LL_IOP_GRP1_EnableClock)
    i.LL_Init1msTick                         0x0800085c   Section        0  stm32g0xx_ll_utils.o(i.LL_Init1msTick)
    i.LL_SPI_Enable                          0x08000884   Section        0  main.o(i.LL_SPI_Enable)
    LL_SPI_Enable                            0x08000885   Thumb Code    10  main.o(i.LL_SPI_Enable)
    i.LL_SPI_EnableDMAReq_TX                 0x0800088e   Section        0  dma.o(i.LL_SPI_EnableDMAReq_TX)
    LL_SPI_EnableDMAReq_TX                   0x0800088f   Thumb Code    10  dma.o(i.LL_SPI_EnableDMAReq_TX)
    i.LL_SPI_EnableNSSPulseMgt               0x08000898   Section        0  spi.o(i.LL_SPI_EnableNSSPulseMgt)
    LL_SPI_EnableNSSPulseMgt                 0x08000899   Thumb Code    10  spi.o(i.LL_SPI_EnableNSSPulseMgt)
    i.LL_SPI_Init                            0x080008a4   Section        0  stm32g0xx_ll_spi.o(i.LL_SPI_Init)
    i.LL_SPI_SetStandard                     0x0800091c   Section        0  spi.o(i.LL_SPI_SetStandard)
    LL_SPI_SetStandard                       0x0800091d   Thumb Code    12  spi.o(i.LL_SPI_SetStandard)
    i.LL_SPI_TransmitData8                   0x08000928   Section        0  spi_ili9341.o(i.LL_SPI_TransmitData8)
    LL_SPI_TransmitData8                     0x08000929   Thumb Code     4  spi_ili9341.o(i.LL_SPI_TransmitData8)
    i.LL_SetSystemCoreClock                  0x0800092c   Section        0  stm32g0xx_ll_utils.o(i.LL_SetSystemCoreClock)
    i.LL_TIM_IC_SetActiveInput               0x08000938   Section        0  tim.o(i.LL_TIM_IC_SetActiveInput)
    LL_TIM_IC_SetActiveInput                 0x08000939   Thumb Code   126  tim.o(i.LL_TIM_IC_SetActiveInput)
    i.LL_TIM_IC_SetFilter                    0x080009c0   Section        0  tim.o(i.LL_TIM_IC_SetFilter)
    LL_TIM_IC_SetFilter                      0x080009c1   Thumb Code   126  tim.o(i.LL_TIM_IC_SetFilter)
    i.LL_TIM_IC_SetPolarity                  0x08000a48   Section        0  tim.o(i.LL_TIM_IC_SetPolarity)
    LL_TIM_IC_SetPolarity                    0x08000a49   Thumb Code   112  tim.o(i.LL_TIM_IC_SetPolarity)
    i.LL_TIM_IC_SetPrescaler                 0x08000abc   Section        0  tim.o(i.LL_TIM_IC_SetPrescaler)
    LL_TIM_IC_SetPrescaler                   0x08000abd   Thumb Code   126  tim.o(i.LL_TIM_IC_SetPrescaler)
    i.LL_TIM_Init                            0x08000b44   Section        0  stm32g0xx_ll_tim.o(i.LL_TIM_Init)
    i.LL_TIM_OC_DisableFast                  0x08000bfc   Section        0  tim.o(i.LL_TIM_OC_DisableFast)
    LL_TIM_OC_DisableFast                    0x08000bfd   Thumb Code   114  tim.o(i.LL_TIM_OC_DisableFast)
    i.LL_TIM_OC_Init                         0x08000c78   Section        0  stm32g0xx_ll_tim.o(i.LL_TIM_OC_Init)
    i.LL_TIM_OC_SetCompareCH2                0x08000cfe   Section        0  stm32g0xx_ll_tim.o(i.LL_TIM_OC_SetCompareCH2)
    LL_TIM_OC_SetCompareCH2                  0x08000cff   Thumb Code     4  stm32g0xx_ll_tim.o(i.LL_TIM_OC_SetCompareCH2)
    i.LL_mDelay                              0x08000d04   Section        0  stm32g0xx_ll_utils.o(i.LL_mDelay)
    i.MX_DMA_Init                            0x08000d38   Section        0  dma.o(i.MX_DMA_Init)
    i.MX_DMA_User_Init                       0x08000d74   Section        0  dma.o(i.MX_DMA_User_Init)
    i.MX_GPIO_Init                           0x08000e6c   Section        0  gpio.o(i.MX_GPIO_Init)
    i.MX_SPI1_Init                           0x08001034   Section        0  spi.o(i.MX_SPI1_Init)
    i.MX_SPI2_Init                           0x0800115c   Section        0  spi.o(i.MX_SPI2_Init)
    i.MX_TIM14_Init                          0x080012d8   Section        0  tim.o(i.MX_TIM14_Init)
    i.MX_TIM2_Init                           0x08001360   Section        0  tim.o(i.MX_TIM2_Init)
    i.MX_UCPD1_Init                          0x080014b0   Section        0  ucpd.o(i.MX_UCPD1_Init)
    i.MX_UCPD2_Init                          0x08001508   Section        0  ucpd.o(i.MX_UCPD2_Init)
    i.NMI_Handler                            0x08001554   Section        0  stm32g0xx_it.o(i.NMI_Handler)
    i.OC1Config                              0x08001558   Section        0  stm32g0xx_ll_tim.o(i.OC1Config)
    OC1Config                                0x08001559   Thumb Code   154  stm32g0xx_ll_tim.o(i.OC1Config)
    i.OC2Config                              0x08001608   Section        0  stm32g0xx_ll_tim.o(i.OC2Config)
    OC2Config                                0x08001609   Thumb Code   178  stm32g0xx_ll_tim.o(i.OC2Config)
    i.OC3Config                              0x080016d0   Section        0  stm32g0xx_ll_tim.o(i.OC3Config)
    OC3Config                                0x080016d1   Thumb Code   172  stm32g0xx_ll_tim.o(i.OC3Config)
    i.OC4Config                              0x08001790   Section        0  stm32g0xx_ll_tim.o(i.OC4Config)
    OC4Config                                0x08001791   Thumb Code   132  stm32g0xx_ll_tim.o(i.OC4Config)
    i.OC5Config                              0x08001828   Section        0  stm32g0xx_ll_tim.o(i.OC5Config)
    OC5Config                                0x08001829   Thumb Code   118  stm32g0xx_ll_tim.o(i.OC5Config)
    i.OC6Config                              0x080018b4   Section        0  stm32g0xx_ll_tim.o(i.OC6Config)
    OC6Config                                0x080018b5   Thumb Code   118  stm32g0xx_ll_tim.o(i.OC6Config)
    i.PendSV_Handler                         0x08001940   Section        0  stm32g0xx_it.o(i.PendSV_Handler)
    i.SVC_Handler                            0x08001942   Section        0  stm32g0xx_it.o(i.SVC_Handler)
    i.SysTick_Handler                        0x08001944   Section        0  stm32g0xx_it.o(i.SysTick_Handler)
    i.SystemClock_Config                     0x08001948   Section        0  main.o(i.SystemClock_Config)
    i.SystemInit                             0x08001a50   Section        0  system_stm32g0xx.o(i.SystemInit)
    i.TFT9341_FillRect                       0x08001a60   Section        0  spi_ili9341.o(i.TFT9341_FillRect)
    i.TFT9341_FillRect_T                     0x08001b28   Section        0  spi_ili9341.o(i.TFT9341_FillRect_T)
    i.TFT9341_FillScreen                     0x08001c7c   Section        0  spi_ili9341.o(i.TFT9341_FillScreen)
    i.TFT9341_FontsIni                       0x08001ca4   Section        0  spi_ili9341.o(i.TFT9341_FontsIni)
    i.TFT9341_LED_ON                         0x08001d00   Section        0  spi_ili9341.o(i.TFT9341_LED_ON)
    i.TFT9341_SendCommand                    0x08001d10   Section        0  spi_ili9341.o(i.TFT9341_SendCommand)
    i.TFT9341_SendData                       0x08001d3c   Section        0  spi_ili9341.o(i.TFT9341_SendData)
    i.TFT9341_SetAddrWindow                  0x08001d68   Section        0  spi_ili9341.o(i.TFT9341_SetAddrWindow)
    TFT9341_SetAddrWindow                    0x08001d69   Thumb Code    82  spi_ili9341.o(i.TFT9341_SetAddrWindow)
    i.TFT9341_SetFont                        0x08001dbc   Section        0  spi_ili9341.o(i.TFT9341_SetFont)
    i.TFT9341_SetRotation                    0x08001dc8   Section        0  spi_ili9341.o(i.TFT9341_SetRotation)
    i.TFT9341_WriteData                      0x08001e48   Section        0  spi_ili9341.o(i.TFT9341_WriteData)
    TFT9341_WriteData                        0x08001e49   Thumb Code    76  spi_ili9341.o(i.TFT9341_WriteData)
    i.TFT9341_ini                            0x08001e9c   Section        0  spi_ili9341.o(i.TFT9341_ini)
    i.TFT9341_reset                          0x0800210c   Section        0  spi_ili9341.o(i.TFT9341_reset)
    i.__ARM_common_switch8                   0x0800212c   Section        0  spi_ili9341.o(i.__ARM_common_switch8)
    i.__NVIC_EnableIRQ                       0x08002148   Section        0  dma.o(i.__NVIC_EnableIRQ)
    __NVIC_EnableIRQ                         0x08002149   Thumb Code    26  dma.o(i.__NVIC_EnableIRQ)
    i.__NVIC_SetPriority                     0x08002168   Section        0  gpio.o(i.__NVIC_SetPriority)
    __NVIC_SetPriority                       0x08002169   Thumb Code   110  gpio.o(i.__NVIC_SetPriority)
    i.__NVIC_SetPriority                     0x080021e0   Section        0  dma.o(i.__NVIC_SetPriority)
    __NVIC_SetPriority                       0x080021e1   Thumb Code   110  dma.o(i.__NVIC_SetPriority)
    i.__scatterload_copy                     0x08002258   Section       14  handlers.o(i.__scatterload_copy)
    i.__scatterload_null                     0x08002266   Section        2  handlers.o(i.__scatterload_null)
    i.__scatterload_zeroinit                 0x08002268   Section       14  handlers.o(i.__scatterload_zeroinit)
    i.main                                   0x08002278   Section        0  main.o(i.main)
    i.massiv_code                            0x08002838   Section        0  spi_ili9341.o(i.massiv_code)
    .constdata                               0x08002b30   Section    15632  spi_ili9341.o(.constdata)
    CHANNEL_OFFSET_TAB                       0x08002b30   Data           7  spi_ili9341.o(.constdata)
    OFFSET_TAB_CCMRx                         0x08002b37   Data           9  spi_ili9341.o(.constdata)
    SHIFT_TAB_OCxx                           0x08002b40   Data           9  spi_ili9341.o(.constdata)
    SHIFT_TAB_ICxx                           0x08002b49   Data           9  spi_ili9341.o(.constdata)
    SHIFT_TAB_CCxP                           0x08002b52   Data           9  spi_ili9341.o(.constdata)
    SHIFT_TAB_OISx                           0x08002b5b   Data           9  spi_ili9341.o(.constdata)
    .constdata                               0x08006840   Section     2112  font48.o(.constdata)
    .constdata                               0x08007080   Section       52  main.o(.constdata)
    CHANNEL_OFFSET_TAB                       0x08007080   Data           7  main.o(.constdata)
    OFFSET_TAB_CCMRx                         0x08007087   Data           9  main.o(.constdata)
    SHIFT_TAB_OCxx                           0x08007090   Data           9  main.o(.constdata)
    SHIFT_TAB_ICxx                           0x08007099   Data           9  main.o(.constdata)
    SHIFT_TAB_CCxP                           0x080070a2   Data           9  main.o(.constdata)
    SHIFT_TAB_OISx                           0x080070ab   Data           9  main.o(.constdata)
    .constdata                               0x080070b4   Section       52  dma.o(.constdata)
    CHANNEL_OFFSET_TAB                       0x080070b4   Data           7  dma.o(.constdata)
    OFFSET_TAB_CCMRx                         0x080070bb   Data           9  dma.o(.constdata)
    SHIFT_TAB_OCxx                           0x080070c4   Data           9  dma.o(.constdata)
    SHIFT_TAB_ICxx                           0x080070cd   Data           9  dma.o(.constdata)
    SHIFT_TAB_CCxP                           0x080070d6   Data           9  dma.o(.constdata)
    SHIFT_TAB_OISx                           0x080070df   Data           9  dma.o(.constdata)
    .constdata                               0x080070e8   Section       52  spi.o(.constdata)
    CHANNEL_OFFSET_TAB                       0x080070e8   Data           7  spi.o(.constdata)
    OFFSET_TAB_CCMRx                         0x080070ef   Data           9  spi.o(.constdata)
    SHIFT_TAB_OCxx                           0x080070f8   Data           9  spi.o(.constdata)
    SHIFT_TAB_ICxx                           0x08007101   Data           9  spi.o(.constdata)
    SHIFT_TAB_CCxP                           0x0800710a   Data           9  spi.o(.constdata)
    SHIFT_TAB_OISx                           0x08007113   Data           9  spi.o(.constdata)
    .constdata                               0x0800711c   Section       52  tim.o(.constdata)
    CHANNEL_OFFSET_TAB                       0x0800711c   Data           7  tim.o(.constdata)
    OFFSET_TAB_CCMRx                         0x08007123   Data           9  tim.o(.constdata)
    SHIFT_TAB_OCxx                           0x0800712c   Data           9  tim.o(.constdata)
    SHIFT_TAB_ICxx                           0x08007135   Data           9  tim.o(.constdata)
    SHIFT_TAB_CCxP                           0x0800713e   Data           9  tim.o(.constdata)
    SHIFT_TAB_OISx                           0x08007147   Data           9  tim.o(.constdata)
    .constdata                               0x08007150   Section       52  stm32g0xx_it.o(.constdata)
    CHANNEL_OFFSET_TAB                       0x08007150   Data           7  stm32g0xx_it.o(.constdata)
    OFFSET_TAB_CCMRx                         0x08007157   Data           9  stm32g0xx_it.o(.constdata)
    SHIFT_TAB_OCxx                           0x08007160   Data           9  stm32g0xx_it.o(.constdata)
    SHIFT_TAB_ICxx                           0x08007169   Data           9  stm32g0xx_it.o(.constdata)
    SHIFT_TAB_CCxP                           0x08007172   Data           9  stm32g0xx_it.o(.constdata)
    SHIFT_TAB_OISx                           0x0800717b   Data           9  stm32g0xx_it.o(.constdata)
    .data                                    0x20000000   Section       54  spi_ili9341.o(.data)
    automat                                  0x20000034   Data           2  spi_ili9341.o(.data)
    .data                                    0x20000038   Section        8  font48.o(.data)
    .data                                    0x20000040   Section      100  dma.o(.data)
    .data                                    0x200000a4   Section        2  stm32g0xx_it.o(.data)
    .data                                    0x200000a8   Section        4  system_stm32g0xx.o(.data)
    .bss                                     0x200000ac   Section       40  mod_bus.o(.bss)
    .bss                                     0x200000d4   Section     6244  dma.o(.bss)
    STACK                                    0x20001938   Section     1024  startup_stm32g071xx.o(STACK)

    Global Symbols

    Symbol Name                              Value     Ov Type        Size  Object(Section)

    BuildAttributes$$THM_ISAv3M$S$PE$A:L22$X:L11$S22$IEEE1$IW$USESV6$~STKCKD$USESV7$~SHL$OSPACE$EBA8$MICROLIB$REQ8$PRES8$EABIv2 0x00000000   Number         0  anon$$obj.o ABSOLUTE
    __ARM_use_no_argv                        0x00000000   Number         0  main.o ABSOLUTE
    __cpp_initialize__aeabi_                  - Undefined Weak Reference
    __cxa_finalize                            - Undefined Weak Reference
    __decompress                              - Undefined Weak Reference
    _clock_init                               - Undefined Weak Reference
    _microlib_exit                            - Undefined Weak Reference
    __Vectors_Size                           0x000000bc   Number         0  startup_stm32g071xx.o ABSOLUTE
    __Vectors                                0x08000000   Data           4  startup_stm32g071xx.o(RESET)
    __Vectors_End                            0x080000bc   Data           0  startup_stm32g071xx.o(RESET)
    __main                                   0x080000bd   Thumb Code     0  entry.o(.ARM.Collect$$$$00000000)
    _main_stk                                0x080000bd   Thumb Code     0  entry2.o(.ARM.Collect$$$$00000001)
    _main_scatterload                        0x080000c1   Thumb Code     0  entry5.o(.ARM.Collect$$$$00000004)
    __main_after_scatterload                 0x080000c5   Thumb Code     0  entry5.o(.ARM.Collect$$$$00000004)
    _main_clock                              0x080000c5   Thumb Code     0  entry7b.o(.ARM.Collect$$$$00000008)
    _main_cpp_init                           0x080000c5   Thumb Code     0  entry8b.o(.ARM.Collect$$$$0000000A)
    _main_init                               0x080000c5   Thumb Code     0  entry9a.o(.ARM.Collect$$$$0000000B)
    __rt_final_cpp                           0x080000cd   Thumb Code     0  entry10a.o(.ARM.Collect$$$$0000000D)
    __rt_final_exit                          0x080000cd   Thumb Code     0  entry11a.o(.ARM.Collect$$$$0000000F)
    Reset_Handler                            0x080000d1   Thumb Code     8  startup_stm32g071xx.o(.text)
    ADC1_COMP_IRQHandler                     0x080000e3   Thumb Code     0  startup_stm32g071xx.o(.text)
    CEC_IRQHandler                           0x080000e3   Thumb Code     0  startup_stm32g071xx.o(.text)
    DMA1_Ch4_7_DMAMUX1_OVR_IRQHandler        0x080000e3   Thumb Code     0  startup_stm32g071xx.o(.text)
    EXTI0_1_IRQHandler                       0x080000e3   Thumb Code     0  startup_stm32g071xx.o(.text)
    EXTI2_3_IRQHandler                       0x080000e3   Thumb Code     0  startup_stm32g071xx.o(.text)
    FLASH_IRQHandler                         0x080000e3   Thumb Code     0  startup_stm32g071xx.o(.text)
    I2C1_IRQHandler                          0x080000e3   Thumb Code     0  startup_stm32g071xx.o(.text)
    I2C2_IRQHandler                          0x080000e3   Thumb Code     0  startup_stm32g071xx.o(.text)
    PVD_IRQHandler                           0x080000e3   Thumb Code     0  startup_stm32g071xx.o(.text)
    RCC_IRQHandler                           0x080000e3   Thumb Code     0  startup_stm32g071xx.o(.text)
    RTC_TAMP_IRQHandler                      0x080000e3   Thumb Code     0  startup_stm32g071xx.o(.text)
    SPI1_IRQHandler                          0x080000e3   Thumb Code     0  startup_stm32g071xx.o(.text)
    SPI2_IRQHandler                          0x080000e3   Thumb Code     0  startup_stm32g071xx.o(.text)
    TIM14_IRQHandler                         0x080000e3   Thumb Code     0  startup_stm32g071xx.o(.text)
    TIM15_IRQHandler                         0x080000e3   Thumb Code     0  startup_stm32g071xx.o(.text)
    TIM16_IRQHandler                         0x080000e3   Thumb Code     0  startup_stm32g071xx.o(.text)
    TIM17_IRQHandler                         0x080000e3   Thumb Code     0  startup_stm32g071xx.o(.text)
    TIM1_BRK_UP_TRG_COM_IRQHandler           0x080000e3   Thumb Code     0  startup_stm32g071xx.o(.text)
    TIM1_CC_IRQHandler                       0x080000e3   Thumb Code     0  startup_stm32g071xx.o(.text)
    TIM2_IRQHandler                          0x080000e3   Thumb Code     0  startup_stm32g071xx.o(.text)
    TIM3_IRQHandler                          0x080000e3   Thumb Code     0  startup_stm32g071xx.o(.text)
    TIM6_DAC_LPTIM1_IRQHandler               0x080000e3   Thumb Code     0  startup_stm32g071xx.o(.text)
    TIM7_LPTIM2_IRQHandler                   0x080000e3   Thumb Code     0  startup_stm32g071xx.o(.text)
    UCPD1_2_IRQHandler                       0x080000e3   Thumb Code     0  startup_stm32g071xx.o(.text)
    USART1_IRQHandler                        0x080000e3   Thumb Code     0  startup_stm32g071xx.o(.text)
    USART2_IRQHandler                        0x080000e3   Thumb Code     0  startup_stm32g071xx.o(.text)
    USART3_4_LPUART1_IRQHandler              0x080000e3   Thumb Code     0  startup_stm32g071xx.o(.text)
    WWDG_IRQHandler                          0x080000e3   Thumb Code     0  startup_stm32g071xx.o(.text)
    __aeabi_uidiv                            0x080000ed   Thumb Code     0  uidiv.o(.text)
    __aeabi_uidivmod                         0x080000ed   Thumb Code    44  uidiv.o(.text)
    __aeabi_idiv                             0x08000119   Thumb Code     0  idiv.o(.text)
    __aeabi_idivmod                          0x08000119   Thumb Code    40  idiv.o(.text)
    __aeabi_memset                           0x08000141   Thumb Code    14  memseta.o(.text)
    __aeabi_memset4                          0x08000141   Thumb Code     0  memseta.o(.text)
    __aeabi_memset8                          0x08000141   Thumb Code     0  memseta.o(.text)
    __aeabi_memclr                           0x0800014f   Thumb Code     4  memseta.o(.text)
    __aeabi_memclr4                          0x0800014f   Thumb Code     0  memseta.o(.text)
    __aeabi_memclr8                          0x0800014f   Thumb Code     0  memseta.o(.text)
    _memset$wrapper                          0x08000153   Thumb Code    18  memseta.o(.text)
    __scatterload                            0x08000165   Thumb Code    28  init.o(.text)
    __scatterload_rt2                        0x08000165   Thumb Code     0  init.o(.text)
    DMA1_Channel1_IRQHandler                 0x08000189   Thumb Code    60  stm32g0xx_it.o(i.DMA1_Channel1_IRQHandler)
    DMA1_Channel2_3_IRQHandler               0x080001d1   Thumb Code   134  stm32g0xx_it.o(i.DMA1_Channel2_3_IRQHandler)
    EXTI4_15_IRQHandler                      0x08000261   Thumb Code    64  stm32g0xx_it.o(i.EXTI4_15_IRQHandler)
    HardFault_Handler                        0x080002a1   Thumb Code     4  stm32g0xx_it.o(i.HardFault_Handler)
    LL_EXTI_Init                             0x0800056d   Thumb Code   272  stm32g0xx_ll_exti.o(i.LL_EXTI_Init)
    LL_GPIO_Init                             0x080006c1   Thumb Code   234  stm32g0xx_ll_gpio.o(i.LL_GPIO_Init)
    LL_Init1msTick                           0x0800085d   Thumb Code    34  stm32g0xx_ll_utils.o(i.LL_Init1msTick)
    LL_SPI_Init                              0x080008a5   Thumb Code   112  stm32g0xx_ll_spi.o(i.LL_SPI_Init)
    LL_SetSystemCoreClock                    0x0800092d   Thumb Code     6  stm32g0xx_ll_utils.o(i.LL_SetSystemCoreClock)
    LL_TIM_Init                              0x08000b45   Thumb Code   158  stm32g0xx_ll_tim.o(i.LL_TIM_Init)
    LL_TIM_OC_Init                           0x08000c79   Thumb Code   134  stm32g0xx_ll_tim.o(i.LL_TIM_OC_Init)
    LL_mDelay                                0x08000d05   Thumb Code    46  stm32g0xx_ll_utils.o(i.LL_mDelay)
    MX_DMA_Init                              0x08000d39   Thumb Code    56  dma.o(i.MX_DMA_Init)
    MX_DMA_User_Init                         0x08000d75   Thumb Code   224  dma.o(i.MX_DMA_User_Init)
    MX_GPIO_Init                             0x08000e6d   Thumb Code   436  gpio.o(i.MX_GPIO_Init)
    MX_SPI1_Init                             0x08001035   Thumb Code   284  spi.o(i.MX_SPI1_Init)
    MX_SPI2_Init                             0x0800115d   Thumb Code   364  spi.o(i.MX_SPI2_Init)
    MX_TIM14_Init                            0x080012d9   Thumb Code   122  tim.o(i.MX_TIM14_Init)
    MX_TIM2_Init                             0x08001361   Thumb Code   320  tim.o(i.MX_TIM2_Init)
    MX_UCPD1_Init                            0x080014b1   Thumb Code    82  ucpd.o(i.MX_UCPD1_Init)
    MX_UCPD2_Init                            0x08001509   Thumb Code    70  ucpd.o(i.MX_UCPD2_Init)
    NMI_Handler                              0x08001555   Thumb Code     4  stm32g0xx_it.o(i.NMI_Handler)
    PendSV_Handler                           0x08001941   Thumb Code     2  stm32g0xx_it.o(i.PendSV_Handler)
    SVC_Handler                              0x08001943   Thumb Code     2  stm32g0xx_it.o(i.SVC_Handler)
    SysTick_Handler                          0x08001945   Thumb Code     2  stm32g0xx_it.o(i.SysTick_Handler)
    SystemClock_Config                       0x08001949   Thumb Code   246  main.o(i.SystemClock_Config)
    SystemInit                               0x08001a51   Thumb Code    10  system_stm32g0xx.o(i.SystemInit)
    TFT9341_FillRect                         0x08001a61   Thumb Code   184  spi_ili9341.o(i.TFT9341_FillRect)
    TFT9341_FillRect_T                       0x08001b29   Thumb Code   314  spi_ili9341.o(i.TFT9341_FillRect_T)
    TFT9341_FillScreen                       0x08001c7d   Thumb Code    32  spi_ili9341.o(i.TFT9341_FillScreen)
    TFT9341_FontsIni                         0x08001ca5   Thumb Code    68  spi_ili9341.o(i.TFT9341_FontsIni)
    TFT9341_LED_ON                           0x08001d01   Thumb Code    12  spi_ili9341.o(i.TFT9341_LED_ON)
    TFT9341_SendCommand                      0x08001d11   Thumb Code    36  spi_ili9341.o(i.TFT9341_SendCommand)
    TFT9341_SendData                         0x08001d3d   Thumb Code    36  spi_ili9341.o(i.TFT9341_SendData)
    TFT9341_SetFont                          0x08001dbd   Thumb Code     6  spi_ili9341.o(i.TFT9341_SetFont)
    TFT9341_SetRotation                      0x08001dc9   Thumb Code   120  spi_ili9341.o(i.TFT9341_SetRotation)
    TFT9341_ini                              0x08001e9d   Thumb Code   614  spi_ili9341.o(i.TFT9341_ini)
    TFT9341_reset                            0x0800210d   Thumb Code    26  spi_ili9341.o(i.TFT9341_reset)
    __ARM_common_switch8                     0x0800212d   Thumb Code    28  spi_ili9341.o(i.__ARM_common_switch8)
    __scatterload_copy                       0x08002259   Thumb Code    14  handlers.o(i.__scatterload_copy)
    __scatterload_null                       0x08002267   Thumb Code     2  handlers.o(i.__scatterload_null)
    __scatterload_zeroinit                   0x08002269   Thumb Code    14  handlers.o(i.__scatterload_zeroinit)
    main                                     0x08002279   Thumb Code  1468  main.o(i.main)
    massiv_code                              0x08002839   Thumb Code   740  spi_ili9341.o(i.massiv_code)
    Font24_Table                             0x08002b64   Data        6840  spi_ili9341.o(.constdata)
    Font20_Table                             0x0800461c   Data        3800  spi_ili9341.o(.constdata)
    Font16_Table                             0x080054f4   Data        3040  spi_ili9341.o(.constdata)
    Font12_Table                             0x080060d4   Data        1140  spi_ili9341.o(.constdata)
    Font8_Table                              0x08006548   Data         760  spi_ili9341.o(.constdata)
    Font48_Table                             0x08006840   Data        2112  font48.o(.constdata)
    Region$$Table$$Base                      0x08007184   Number         0  anon$$obj.o(Region$$Table)
    Region$$Table$$Limit                     0x080071a4   Number         0  anon$$obj.o(Region$$Table)
    Font24                                   0x20000000   Data           8  spi_ili9341.o(.data)
    Font20                                   0x20000008   Data           8  spi_ili9341.o(.data)
    Font16                                   0x20000010   Data           8  spi_ili9341.o(.data)
    Font12                                   0x20000018   Data           8  spi_ili9341.o(.data)
    Font8                                    0x20000020   Data           8  spi_ili9341.o(.data)
    TFT9341_WIDTH                            0x20000028   Data           2  spi_ili9341.o(.data)
    TFT9341_HEIGHT                           0x2000002a   Data           2  spi_ili9341.o(.data)
    lcdprop                                  0x2000002c   Data           8  spi_ili9341.o(.data)
    Font48                                   0x20000038   Data           8  font48.o(.data)
    DMA_SPI2_TX                              0x20000040   Data         100  dma.o(.data)
    dma_end                                  0x200000a4   Data           2  stm32g0xx_it.o(.data)
    SystemCoreClock                          0x200000a8   Data           4  system_stm32g0xx.o(.data)
    REGS                                     0x200000ac   Data          40  mod_bus.o(.bss)
    OUT_DMA_1                                0x200000d4   Data        3072  dma.o(.bss)
    OUT_DMA_2                                0x20000cd4   Data        3072  dma.o(.bss)
    DMA_SPI2_RX                              0x200018d4   Data         100  dma.o(.bss)
    __initial_sp                             0x20001d38   Data           0  startup_stm32g071xx.o(STACK)



==============================================================================

Memory Map of the image

  Image Entry point : 0x080000bd

  Load Region LR_IROM1 (Base: 0x08000000, Size: 0x00007250, Max: 0x00020000, ABSOLUTE)

    Execution Region ER_IROM1 (Exec base: 0x08000000, Load base: 0x08000000, Size: 0x000071a4, Max: 0x00020000, ABSOLUTE)

    Exec Addr    Load Addr    Size         Type   Attr      Idx    E Section Name        Object

    0x08000000   0x08000000   0x000000bc   Data   RO            3    RESET               startup_stm32g071xx.o
    0x080000bc   0x080000bc   0x00000000   Code   RO         1667  * .ARM.Collect$$$$00000000  mc_p.l(entry.o)
    0x080000bc   0x080000bc   0x00000004   Code   RO         1676    .ARM.Collect$$$$00000001  mc_p.l(entry2.o)
    0x080000c0   0x080000c0   0x00000004   Code   RO         1679    .ARM.Collect$$$$00000004  mc_p.l(entry5.o)
    0x080000c4   0x080000c4   0x00000000   Code   RO         1681    .ARM.Collect$$$$00000008  mc_p.l(entry7b.o)
    0x080000c4   0x080000c4   0x00000000   Code   RO         1683    .ARM.Collect$$$$0000000A  mc_p.l(entry8b.o)
    0x080000c4   0x080000c4   0x00000008   Code   RO         1684    .ARM.Collect$$$$0000000B  mc_p.l(entry9a.o)
    0x080000cc   0x080000cc   0x00000000   Code   RO         1686    .ARM.Collect$$$$0000000D  mc_p.l(entry10a.o)
    0x080000cc   0x080000cc   0x00000000   Code   RO         1688    .ARM.Collect$$$$0000000F  mc_p.l(entry11a.o)
    0x080000cc   0x080000cc   0x00000004   Code   RO         1677    .ARM.Collect$$$$00002712  mc_p.l(entry2.o)
    0x080000d0   0x080000d0   0x0000001c   Code   RO            4    .text               startup_stm32g071xx.o
    0x080000ec   0x080000ec   0x0000002c   Code   RO         1670    .text               mc_p.l(uidiv.o)
    0x08000118   0x08000118   0x00000028   Code   RO         1672    .text               mc_p.l(idiv.o)
    0x08000140   0x08000140   0x00000024   Code   RO         1674    .text               mc_p.l(memseta.o)
    0x08000164   0x08000164   0x00000024   Code   RO         1690    .text               mc_p.l(init.o)
    0x08000188   0x08000188   0x00000048   Code   RO          765    i.DMA1_Channel1_IRQHandler  stm32g0xx_it.o
    0x080001d0   0x080001d0   0x00000090   Code   RO          766    i.DMA1_Channel2_3_IRQHandler  stm32g0xx_it.o
    0x08000260   0x08000260   0x00000040   Code   RO          767    i.EXTI4_15_IRQHandler  stm32g0xx_it.o
    0x080002a0   0x080002a0   0x00000004   Code   RO          768    i.HardFault_Handler  stm32g0xx_it.o
    0x080002a4   0x080002a4   0x0000001c   Code   RO          724    i.LL_APB1_GRP1_EnableClock  ucpd.o
    0x080002c0   0x080002c0   0x00000034   Code   RO          485    i.LL_DMA_ConfigAddresses  dma.o
    0x080002f4   0x080002f4   0x0000001c   Code   RO          332    i.LL_DMA_DisableChannel  main.o
    0x08000310   0x08000310   0x0000001c   Code   RO          486    i.LL_DMA_DisableChannel  dma.o
    0x0800032c   0x0800032c   0x0000001c   Code   RO          333    i.LL_DMA_EnableChannel  main.o
    0x08000348   0x08000348   0x0000001c   Code   RO          487    i.LL_DMA_EnableIT_TC  dma.o
    0x08000364   0x08000364   0x0000001c   Code   RO          488    i.LL_DMA_EnableIT_TE  dma.o
    0x08000380   0x08000380   0x0000001c   Code   RO          489    i.LL_DMA_GetDataTransferDirection  dma.o
    0x0800039c   0x0800039c   0x00000020   Code   RO          571    i.LL_DMA_SetChannelPriorityLevel  spi.o
    0x080003bc   0x080003bc   0x00000020   Code   RO          334    i.LL_DMA_SetDataLength  main.o
    0x080003dc   0x080003dc   0x00000020   Code   RO          572    i.LL_DMA_SetDataTransferDirection  spi.o
    0x080003fc   0x080003fc   0x0000001c   Code   RO          573    i.LL_DMA_SetMemoryIncMode  spi.o
    0x08000418   0x08000418   0x00000020   Code   RO          574    i.LL_DMA_SetMemorySize  spi.o
    0x08000438   0x08000438   0x0000001c   Code   RO          575    i.LL_DMA_SetMode    spi.o
    0x08000454   0x08000454   0x0000001c   Code   RO          576    i.LL_DMA_SetPeriphIncMode  spi.o
    0x08000470   0x08000470   0x00000030   Code   RO          577    i.LL_DMA_SetPeriphRequest  spi.o
    0x080004a0   0x080004a0   0x00000020   Code   RO          578    i.LL_DMA_SetPeriphSize  spi.o
    0x080004c0   0x080004c0   0x0000000c   Code   RO          769    i.LL_EXTI_ClearFallingFlag_0_31  stm32g0xx_it.o
    0x080004cc   0x080004cc   0x00000010   Code   RO          902    i.LL_EXTI_DisableEvent_0_31  stm32g0xx_ll_exti.o
    0x080004dc   0x080004dc   0x00000010   Code   RO          903    i.LL_EXTI_DisableEvent_32_63  stm32g0xx_ll_exti.o
    0x080004ec   0x080004ec   0x00000010   Code   RO          904    i.LL_EXTI_DisableIT_0_31  stm32g0xx_ll_exti.o
    0x080004fc   0x080004fc   0x00000010   Code   RO          905    i.LL_EXTI_DisableIT_32_63  stm32g0xx_ll_exti.o
    0x0800050c   0x0800050c   0x00000010   Code   RO          906    i.LL_EXTI_EnableEvent_0_31  stm32g0xx_ll_exti.o
    0x0800051c   0x0800051c   0x00000010   Code   RO          907    i.LL_EXTI_EnableEvent_32_63  stm32g0xx_ll_exti.o
    0x0800052c   0x0800052c   0x00000010   Code   RO          908    i.LL_EXTI_EnableFallingTrig_0_31  stm32g0xx_ll_exti.o
    0x0800053c   0x0800053c   0x00000010   Code   RO          909    i.LL_EXTI_EnableIT_0_31  stm32g0xx_ll_exti.o
    0x0800054c   0x0800054c   0x00000010   Code   RO          910    i.LL_EXTI_EnableIT_32_63  stm32g0xx_ll_exti.o
    0x0800055c   0x0800055c   0x00000010   Code   RO          911    i.LL_EXTI_EnableRisingTrig_0_31  stm32g0xx_ll_exti.o
    0x0800056c   0x0800056c   0x00000114   Code   RO          912    i.LL_EXTI_Init      stm32g0xx_ll_exti.o
    0x08000680   0x08000680   0x00000018   Code   RO          770    i.LL_EXTI_IsActiveFallingFlag_0_31  stm32g0xx_it.o
    0x08000698   0x08000698   0x00000028   Code   RO          421    i.LL_EXTI_SetEXTISource  gpio.o
    0x080006c0   0x080006c0   0x000000ea   Code   RO          854    i.LL_GPIO_Init      stm32g0xx_ll_gpio.o
    0x080007aa   0x080007aa   0x00000004   Code   RO           12    i.LL_GPIO_ResetOutputPin  spi_ili9341.o
    0x080007ae   0x080007ae   0x00000004   Code   RO          422    i.LL_GPIO_ResetOutputPin  gpio.o
    0x080007b2   0x080007b2   0x00000004   Code   RO           13    i.LL_GPIO_SetOutputPin  spi_ili9341.o
    0x080007b6   0x080007b6   0x0000001a   Code   RO          423    i.LL_GPIO_SetPinMode  gpio.o
    0x080007d0   0x080007d0   0x0000001a   Code   RO          424    i.LL_GPIO_SetPinPull  gpio.o
    0x080007ea   0x080007ea   0x00000002   PAD
    0x080007ec   0x080007ec   0x0000001c   Code   RO          425    i.LL_IOP_GRP1_EnableClock  gpio.o
    0x08000808   0x08000808   0x0000001c   Code   RO          579    i.LL_IOP_GRP1_EnableClock  spi.o
    0x08000824   0x08000824   0x0000001c   Code   RO          663    i.LL_IOP_GRP1_EnableClock  tim.o
    0x08000840   0x08000840   0x0000001c   Code   RO          725    i.LL_IOP_GRP1_EnableClock  ucpd.o
    0x0800085c   0x0800085c   0x00000028   Code   RO         1284    i.LL_Init1msTick    stm32g0xx_ll_utils.o
    0x08000884   0x08000884   0x0000000a   Code   RO          335    i.LL_SPI_Enable     main.o
    0x0800088e   0x0800088e   0x0000000a   Code   RO          490    i.LL_SPI_EnableDMAReq_TX  dma.o
    0x08000898   0x08000898   0x0000000a   Code   RO          580    i.LL_SPI_EnableNSSPulseMgt  spi.o
    0x080008a2   0x080008a2   0x00000002   PAD
    0x080008a4   0x080008a4   0x00000078   Code   RO         1036    i.LL_SPI_Init       stm32g0xx_ll_spi.o
    0x0800091c   0x0800091c   0x0000000c   Code   RO          581    i.LL_SPI_SetStandard  spi.o
    0x08000928   0x08000928   0x00000004   Code   RO           14    i.LL_SPI_TransmitData8  spi_ili9341.o
    0x0800092c   0x0800092c   0x0000000c   Code   RO         1292    i.LL_SetSystemCoreClock  stm32g0xx_ll_utils.o
    0x08000938   0x08000938   0x00000088   Code   RO          664    i.LL_TIM_IC_SetActiveInput  tim.o
    0x080009c0   0x080009c0   0x00000088   Code   RO          665    i.LL_TIM_IC_SetFilter  tim.o
    0x08000a48   0x08000a48   0x00000074   Code   RO          666    i.LL_TIM_IC_SetPolarity  tim.o
    0x08000abc   0x08000abc   0x00000088   Code   RO          667    i.LL_TIM_IC_SetPrescaler  tim.o
    0x08000b44   0x08000b44   0x000000b8   Code   RO         1418    i.LL_TIM_Init       stm32g0xx_ll_tim.o
    0x08000bfc   0x08000bfc   0x0000007c   Code   RO          668    i.LL_TIM_OC_DisableFast  tim.o
    0x08000c78   0x08000c78   0x00000086   Code   RO         1419    i.LL_TIM_OC_Init    stm32g0xx_ll_tim.o
    0x08000cfe   0x08000cfe   0x00000004   Code   RO         1420    i.LL_TIM_OC_SetCompareCH2  stm32g0xx_ll_tim.o
    0x08000d02   0x08000d02   0x00000002   PAD
    0x08000d04   0x08000d04   0x00000034   Code   RO         1293    i.LL_mDelay         stm32g0xx_ll_utils.o
    0x08000d38   0x08000d38   0x0000003c   Code   RO          491    i.MX_DMA_Init       dma.o
    0x08000d74   0x08000d74   0x000000f8   Code   RO          492    i.MX_DMA_User_Init  dma.o
    0x08000e6c   0x08000e6c   0x000001c8   Code   RO          426    i.MX_GPIO_Init      gpio.o
    0x08001034   0x08001034   0x00000128   Code   RO          582    i.MX_SPI1_Init      spi.o
    0x0800115c   0x0800115c   0x0000017c   Code   RO          583    i.MX_SPI2_Init      spi.o
    0x080012d8   0x080012d8   0x00000088   Code   RO          669    i.MX_TIM14_Init     tim.o
    0x08001360   0x08001360   0x00000150   Code   RO          670    i.MX_TIM2_Init      tim.o
    0x080014b0   0x080014b0   0x00000058   Code   RO          726    i.MX_UCPD1_Init     ucpd.o
    0x08001508   0x08001508   0x0000004c   Code   RO          727    i.MX_UCPD2_Init     ucpd.o
    0x08001554   0x08001554   0x00000004   Code   RO          771    i.NMI_Handler       stm32g0xx_it.o
    0x08001558   0x08001558   0x000000b0   Code   RO         1423    i.OC1Config         stm32g0xx_ll_tim.o
    0x08001608   0x08001608   0x000000c8   Code   RO         1424    i.OC2Config         stm32g0xx_ll_tim.o
    0x080016d0   0x080016d0   0x000000c0   Code   RO         1425    i.OC3Config         stm32g0xx_ll_tim.o
    0x08001790   0x08001790   0x00000098   Code   RO         1426    i.OC4Config         stm32g0xx_ll_tim.o
    0x08001828   0x08001828   0x0000008c   Code   RO         1427    i.OC5Config         stm32g0xx_ll_tim.o
    0x080018b4   0x080018b4   0x0000008c   Code   RO         1428    i.OC6Config         stm32g0xx_ll_tim.o
    0x08001940   0x08001940   0x00000002   Code   RO          772    i.PendSV_Handler    stm32g0xx_it.o
    0x08001942   0x08001942   0x00000002   Code   RO          773    i.SVC_Handler       stm32g0xx_it.o
    0x08001944   0x08001944   0x00000002   Code   RO          774    i.SysTick_Handler   stm32g0xx_it.o
    0x08001946   0x08001946   0x00000002   PAD
    0x08001948   0x08001948   0x00000108   Code   RO          336    i.SystemClock_Config  main.o
    0x08001a50   0x08001a50   0x00000010   Code   RO         1637    i.SystemInit        system_stm32g0xx.o
    0x08001a60   0x08001a60   0x000000c8   Code   RO           17    i.TFT9341_FillRect  spi_ili9341.o
    0x08001b28   0x08001b28   0x00000154   Code   RO           18    i.TFT9341_FillRect_T  spi_ili9341.o
    0x08001c7c   0x08001c7c   0x00000028   Code   RO           19    i.TFT9341_FillScreen  spi_ili9341.o
    0x08001ca4   0x08001ca4   0x0000005c   Code   RO           20    i.TFT9341_FontsIni  spi_ili9341.o
    0x08001d00   0x08001d00   0x00000010   Code   RO           21    i.TFT9341_LED_ON    spi_ili9341.o
    0x08001d10   0x08001d10   0x0000002c   Code   RO           22    i.TFT9341_SendCommand  spi_ili9341.o
    0x08001d3c   0x08001d3c   0x0000002c   Code   RO           23    i.TFT9341_SendData  spi_ili9341.o
    0x08001d68   0x08001d68   0x00000052   Code   RO           24    i.TFT9341_SetAddrWindow  spi_ili9341.o
    0x08001dba   0x08001dba   0x00000002   PAD
    0x08001dbc   0x08001dbc   0x0000000c   Code   RO           26    i.TFT9341_SetFont   spi_ili9341.o
    0x08001dc8   0x08001dc8   0x00000080   Code   RO           27    i.TFT9341_SetRotation  spi_ili9341.o
    0x08001e48   0x08001e48   0x00000054   Code   RO           30    i.TFT9341_WriteData  spi_ili9341.o
    0x08001e9c   0x08001e9c   0x00000270   Code   RO           31    i.TFT9341_ini       spi_ili9341.o
    0x0800210c   0x0800210c   0x00000020   Code   RO           32    i.TFT9341_reset     spi_ili9341.o
    0x0800212c   0x0800212c   0x0000001c   Code   RO          152    i.__ARM_common_switch8  spi_ili9341.o
    0x08002148   0x08002148   0x00000020   Code   RO          493    i.__NVIC_EnableIRQ  dma.o
    0x08002168   0x08002168   0x00000078   Code   RO          427    i.__NVIC_SetPriority  gpio.o
    0x080021e0   0x080021e0   0x00000078   Code   RO          494    i.__NVIC_SetPriority  dma.o
    0x08002258   0x08002258   0x0000000e   Code   RO         1694    i.__scatterload_copy  mc_p.l(handlers.o)
    0x08002266   0x08002266   0x00000002   Code   RO         1695    i.__scatterload_null  mc_p.l(handlers.o)
    0x08002268   0x08002268   0x0000000e   Code   RO         1696    i.__scatterload_zeroinit  mc_p.l(handlers.o)
    0x08002276   0x08002276   0x00000002   PAD
    0x08002278   0x08002278   0x000005c0   Code   RO          337    i.main              main.o
    0x08002838   0x08002838   0x000002f8   Code   RO           33    i.massiv_code       spi_ili9341.o
    0x08002b30   0x08002b30   0x00003d10   Data   RO           34    .constdata          spi_ili9341.o
    0x08006840   0x08006840   0x00000840   Data   RO          315    .constdata          font48.o
    0x08007080   0x08007080   0x00000034   Data   RO          338    .constdata          main.o
    0x080070b4   0x080070b4   0x00000034   Data   RO          496    .constdata          dma.o
    0x080070e8   0x080070e8   0x00000034   Data   RO          584    .constdata          spi.o
    0x0800711c   0x0800711c   0x00000034   Data   RO          671    .constdata          tim.o
    0x08007150   0x08007150   0x00000034   Data   RO          775    .constdata          stm32g0xx_it.o
    0x08007184   0x08007184   0x00000020   Data   RO         1692    Region$$Table       anon$$obj.o


    Execution Region RW_IRAM1 (Exec base: 0x20000000, Load base: 0x080071a4, Size: 0x00001d38, Max: 0x00009000, ABSOLUTE)

    Exec Addr    Load Addr    Size         Type   Attr      Idx    E Section Name        Object

    0x20000000   0x080071a4   0x00000036   Data   RW           35    .data               spi_ili9341.o
    0x20000036   0x080071da   0x00000002   PAD
    0x20000038   0x080071dc   0x00000008   Data   RW          316    .data               font48.o
    0x20000040   0x080071e4   0x00000064   Data   RW          497    .data               dma.o
    0x200000a4   0x08007248   0x00000002   Data   RW          776    .data               stm32g0xx_it.o
    0x200000a6   0x0800724a   0x00000002   PAD
    0x200000a8   0x0800724c   0x00000004   Data   RW         1639    .data               system_stm32g0xx.o
    0x200000ac        -       0x00000028   Zero   RW          272    .bss                mod_bus.o
    0x200000d4        -       0x00001864   Zero   RW          495    .bss                dma.o
    0x20001938        -       0x00000400   Zero   RW            1    STACK               startup_stm32g071xx.o


==============================================================================

Image component sizes


      Code (inc. data)   RO Data    RW Data    ZI Data      Debug   Object Name

       634         78         52        100       6244      44383   dma.o
         0          0       2112          8          0       1178   font48.o
       700         38          0          0          0      26583   gpio.o
      1834         74         52          0          0      95619   main.o
         0          0          0          0         40      17075   mod_bus.o
       986         78         52          0          0      35970   spi.o
      2538        164      15632         54          0     405124   spi_ili9341.o
        28          8        188          0       1024        644   startup_stm32g071xx.o
       330         32         52          2          0      27363   stm32g0xx_it.o
       436         44          0          0          0      11931   stm32g0xx_ll_exti.o
       234          0          0          0          0       6995   stm32g0xx_ll_gpio.o
       120          8          0          0          0      17210   stm32g0xx_ll_spi.o
      1322        154          0          0          0      47063   stm32g0xx_ll_tim.o
       104         18          0          0          0       6429   stm32g0xx_ll_utils.o
        16          6          0          4          0       1183   system_stm32g0xx.o
      1148         78         52          0          0      39007   tim.o
       220         20          0          0          0       6100   ucpd.o

    ----------------------------------------------------------------------
     10660        800      18224        172       7308     789857   Object Totals
         0          0         32          0          0          0   (incl. Generated)
        10          0          0          4          0          0   (incl. Padding)

    ----------------------------------------------------------------------

      Code (inc. data)   RO Data    RW Data    ZI Data      Debug   Library Member Name

         0          0          0          0          0          0   entry.o
         0          0          0          0          0          0   entry10a.o
         0          0          0          0          0          0   entry11a.o
         8          4          0          0          0          0   entry2.o
         4          0          0          0          0          0   entry5.o
         0          0          0          0          0          0   entry7b.o
         0          0          0          0          0          0   entry8b.o
         8          4          0          0          0          0   entry9a.o
        30          0          0          0          0          0   handlers.o
        40          0          0          0          0         72   idiv.o
        36          8          0          0          0         68   init.o
        36          0          0          0          0        100   memseta.o
        44          0          0          0          0         72   uidiv.o

    ----------------------------------------------------------------------
       208         16          0          0          0        312   Library Totals
         2          0          0          0          0          0   (incl. Padding)

    ----------------------------------------------------------------------

      Code (inc. data)   RO Data    RW Data    ZI Data      Debug   Library Name

       206         16          0          0          0        312   mc_p.l

    ----------------------------------------------------------------------
       208         16          0          0          0        312   Library Totals

    ----------------------------------------------------------------------

==============================================================================


      Code (inc. data)   RO Data    RW Data    ZI Data      Debug   

     10868        816      18224        172       7308     785877   Grand Totals
     10868        816      18224        172       7308     785877   ELF Image Totals
     10868        816      18224        172          0          0   ROM Totals

==============================================================================

    Total RO  Size (Code + RO Data)                29092 (  28.41kB)
    Total RW  Size (RW Data + ZI Data)              7480 (   7.30kB)
    Total ROM Size (Code + RO Data + RW Data)      29264 (  28.58kB)

==============================================================================

